Component: ARM Compiler 5.06 update 4 (build 422) Tool: armlink [4d35d2]

==============================================================================

Section Cross References

    main.o(i.main) refers to _printf_percent.o(.ARM.Collect$$_printf_percent$$00000000) for _printf_percent
    main.o(i.main) refers to _printf_d.o(.ARM.Collect$$_printf_percent$$00000009) for _printf_d
    main.o(i.main) refers to _printf_dec.o(.text) for _printf_int_dec
    main.o(i.main) refers to _printf_f.o(.ARM.Collect$$_printf_percent$$00000003) for _printf_f
    main.o(i.main) refers to printf1.o(x$fpl$printf1) for _printf_fp_dec
    main.o(i.main) refers to misc.o(i.NVIC_PriorityGroupConfig) for NVIC_PriorityGroupConfig
    main.o(i.main) refers to delay.o(i.delay_init) for delay_init
    main.o(i.main) refers to usart.o(i.uart_init) for uart_init
    main.o(i.main) refers to usart2.o(i.USART2_Init) for USART2_Init
    main.o(i.main) refers to usart3.o(i.usart3_init) for usart3_init
    main.o(i.main) refers to led.o(i.LED_Init) for LED_Init
    main.o(i.main) refers to key.o(i.KEY_Init) for KEY_Init
    main.o(i.main) refers to mpu6050.o(i.MPU_Init) for MPU_Init
    main.o(i.main) refers to timer.o(i.TIM3_Int_Init) for TIM3_Int_Init
    main.o(i.main) refers to timer.o(i.TIM2_Int_Init) for TIM2_Int_Init
    main.o(i.main) refers to __2printf.o(.text) for __2printf
    main.o(i.main) refers to usart3.o(i.zigbee_check_cmd) for zigbee_check_cmd
    main.o(i.main) refers to exti.o(i.red_Init) for red_Init
    main.o(i.main) refers to inv_mpu.o(i.mpu_dmp_init) for mpu_dmp_init
    main.o(i.main) refers to usart3.o(i.zigbee_send_cmd) for zigbee_send_cmd
    main.o(i.main) refers to stm32f10x_tim.o(i.TIM_Cmd) for TIM_Cmd
    main.o(i.main) refers to f2d.o(x$fpl$f2d) for __aeabi_f2d
    main.o(i.main) refers to myconf.o(i.Red_Deal) for Red_Deal
    main.o(i.main) refers to myconf.o(i.Posture_Deal) for Posture_Deal
    main.o(i.main) refers to main.o(.data) for cmd
    main.o(i.main) refers to exti.o(.data) for red_flag
    system_stm32f10x.o(i.SetSysClock) refers to system_stm32f10x.o(i.SetSysClockTo72) for SetSysClockTo72
    system_stm32f10x.o(i.SystemCoreClockUpdate) refers to system_stm32f10x.o(.data) for SystemCoreClock
    system_stm32f10x.o(i.SystemInit) refers to system_stm32f10x.o(i.SetSysClock) for SetSysClock
    myconf.o(i.Homework_Deal) refers to wifi.o(i.distance_judge) for distance_judge
    myconf.o(i.Homework_Deal) refers to main.o(.data) for homework_flag
    myconf.o(i.Posture_Deal) refers to _printf_percent.o(.ARM.Collect$$_printf_percent$$00000000) for _printf_percent
    myconf.o(i.Posture_Deal) refers to _printf_f.o(.ARM.Collect$$_printf_percent$$00000003) for _printf_f
    myconf.o(i.Posture_Deal) refers to printf1.o(x$fpl$printf1) for _printf_fp_dec
    myconf.o(i.Posture_Deal) refers to inv_mpu.o(i.mpu_dmp_get_data) for mpu_dmp_get_data
    myconf.o(i.Posture_Deal) refers to key.o(i.KEY_Scan) for KEY_Scan
    myconf.o(i.Posture_Deal) refers to f2d.o(x$fpl$f2d) for __aeabi_f2d
    myconf.o(i.Posture_Deal) refers to __2printf.o(.text) for __2printf
    myconf.o(i.Posture_Deal) refers to pesture.o(i.Judge_Pesture) for Judge_Pesture
    myconf.o(i.Posture_Deal) refers to main.o(.data) for posture_flag
    myconf.o(i.Posture_Deal) refers to main.o(.bss) for First_Posture
    myconf.o(i.Red_Deal) refers to stm32f10x_gpio.o(i.GPIO_ReadInputDataBit) for GPIO_ReadInputDataBit
    myconf.o(i.Red_Deal) refers to usart3.o(i.zigbee_send_cmd) for zigbee_send_cmd
    myconf.o(i.Red_Deal) refers to exti.o(.data) for red_flag
    myconf.o(i.Red_Deal) refers to main.o(.data) for red_temp
    led.o(i.LED_Init) refers to stm32f10x_rcc.o(i.RCC_APB2PeriphClockCmd) for RCC_APB2PeriphClockCmd
    led.o(i.LED_Init) refers to stm32f10x_gpio.o(i.GPIO_Init) for GPIO_Init
    key.o(i.KEY_Init) refers to stm32f10x_rcc.o(i.RCC_APB2PeriphClockCmd) for RCC_APB2PeriphClockCmd
    key.o(i.KEY_Init) refers to stm32f10x_gpio.o(i.GPIO_PinRemapConfig) for GPIO_PinRemapConfig
    key.o(i.KEY_Init) refers to stm32f10x_gpio.o(i.GPIO_Init) for GPIO_Init
    key.o(i.KEY_Scan) refers to stm32f10x_gpio.o(i.GPIO_ReadInputDataBit) for GPIO_ReadInputDataBit
    key.o(i.KEY_Scan) refers to delay.o(i.delay_ms) for delay_ms
    key.o(i.KEY_Scan) refers to key.o(.data) for key_up
    mpuiic.o(i.MPU_IIC_Ack) refers to mpuiic.o(i.MPU_IIC_Delay) for MPU_IIC_Delay
    mpuiic.o(i.MPU_IIC_Delay) refers to delay.o(i.delay_us) for delay_us
    mpuiic.o(i.MPU_IIC_Init) refers to stm32f10x_rcc.o(i.RCC_APB2PeriphClockCmd) for RCC_APB2PeriphClockCmd
    mpuiic.o(i.MPU_IIC_Init) refers to stm32f10x_gpio.o(i.GPIO_Init) for GPIO_Init
    mpuiic.o(i.MPU_IIC_Init) refers to stm32f10x_gpio.o(i.GPIO_SetBits) for GPIO_SetBits
    mpuiic.o(i.MPU_IIC_NAck) refers to mpuiic.o(i.MPU_IIC_Delay) for MPU_IIC_Delay
    mpuiic.o(i.MPU_IIC_Read_Byte) refers to mpuiic.o(i.MPU_IIC_Delay) for MPU_IIC_Delay
[...]
    __rt_lib_init_lc_ctype_1                 0x08000249   Thumb Code     0  libinit2.o(.ARM.Collect$$libinit$$00000013)
    __rt_lib_init_lc_monetary_1              0x08000249   Thumb Code     0  libinit2.o(.ARM.Collect$$libinit$$00000015)
    __rt_lib_init_lc_numeric_2               0x08000249   Thumb Code     0  libinit2.o(.ARM.Collect$$libinit$$00000016)
    __rt_lib_init_alloca_1                   0x08000253   Thumb Code     0  libinit2.o(.ARM.Collect$$libinit$$0000002E)
    __rt_lib_init_argv_1                     0x08000253   Thumb Code     0  libinit2.o(.ARM.Collect$$libinit$$0000002C)
    __rt_lib_init_atexit_1                   0x08000253   Thumb Code     0  libinit2.o(.ARM.Collect$$libinit$$0000001B)
    __rt_lib_init_clock_1                    0x08000253   Thumb Code     0  libinit2.o(.ARM.Collect$$libinit$$00000021)
    __rt_lib_init_cpp_1                      0x08000253   Thumb Code     0  libinit2.o(.ARM.Collect$$libinit$$00000032)
    __rt_lib_init_exceptions_1               0x08000253   Thumb Code     0  libinit2.o(.ARM.Collect$$libinit$$00000030)
    __rt_lib_init_fp_trap_1                  0x08000253   Thumb Code     0  libinit2.o(.ARM.Collect$$libinit$$0000001F)
    __rt_lib_init_getenv_1                   0x08000253   Thumb Code     0  libinit2.o(.ARM.Collect$$libinit$$00000023)
    __rt_lib_init_lc_numeric_1               0x08000253   Thumb Code     0  libinit2.o(.ARM.Collect$$libinit$$00000017)
    __rt_lib_init_lc_time_1                  0x08000253   Thumb Code     0  libinit2.o(.ARM.Collect$$libinit$$00000019)
    __rt_lib_init_return                     0x08000253   Thumb Code     0  libinit2.o(.ARM.Collect$$libinit$$00000033)
    __rt_lib_init_signal_1                   0x08000253   Thumb Code     0  libinit2.o(.ARM.Collect$$libinit$$0000001D)
    __rt_lib_init_stdio_1                    0x08000253   Thumb Code     0  libinit2.o(.ARM.Collect$$libinit$$00000025)
    __rt_lib_shutdown                        0x08000255   Thumb Code     0  libshutdown.o(.ARM.Collect$$libshutdown$$00000000)
    __rt_lib_shutdown_cpp_1                  0x08000257   Thumb Code     0  libshutdown2.o(.ARM.Collect$$libshutdown$$00000002)
    __rt_lib_shutdown_fp_trap_1              0x08000257   Thumb Code     0  libshutdown2.o(.ARM.Collect$$libshutdown$$00000007)
    __rt_lib_shutdown_heap_1                 0x08000257   Thumb Code     0  libshutdown2.o(.ARM.Collect$$libshutdown$$0000000F)
    __rt_lib_shutdown_return                 0x08000257   Thumb Code     0  libshutdown2.o(.ARM.Collect$$libshutdown$$00000010)
    __rt_lib_shutdown_signal_1               0x08000257   Thumb Code     0  libshutdown2.o(.ARM.Collect$$libshutdown$$0000000A)
    __rt_lib_shutdown_stdio_1                0x08000257   Thumb Code     0  libshutdown2.o(.ARM.Collect$$libshutdown$$00000004)
    __rt_lib_shutdown_user_alloc_1           0x08000257   Thumb Code     0  libshutdown2.o(.ARM.Collect$$libshutdown$$0000000C)
    __rt_entry                               0x08000259   Thumb Code     0  __rtentry.o(.ARM.Collect$$rtentry$$00000000)
    __rt_entry_presh_1                       0x08000259   Thumb Code     0  __rtentry2.o(.ARM.Collect$$rtentry$$00000002)
    __rt_entry_sh                            0x08000259   Thumb Code     0  __rtentry4.o(.ARM.Collect$$rtentry$$00000004)
    __rt_entry_li                            0x0800025f   Thumb Code     0  __rtentry2.o(.ARM.Collect$$rtentry$$0000000A)
    __rt_entry_postsh_1                      0x0800025f   Thumb Code     0  __rtentry2.o(.ARM.Collect$$rtentry$$00000009)
    __rt_entry_main                          0x08000263   Thumb Code     0  __rtentry2.o(.ARM.Collect$$rtentry$$0000000D)
    __rt_entry_postli_1                      0x08000263   Thumb Code     0  __rtentry2.o(.ARM.Collect$$rtentry$$0000000C)
    __rt_exit                                0x0800026b   Thumb Code     0  rtexit.o(.ARM.Collect$$rtexit$$00000000)
    __rt_exit_ls                             0x0800026d   Thumb Code     0  rtexit2.o(.ARM.Collect$$rtexit$$00000003)
    __rt_exit_prels_1                        0x0800026d   Thumb Code     0  rtexit2.o(.ARM.Collect$$rtexit$$00000002)
    __rt_exit_exit                           0x08000271   Thumb Code     0  rtexit2.o(.ARM.Collect$$rtexit$$00000004)
    Reset_Handler                            0x08000279   Thumb Code     8  startup_stm32f10x_hd.o(.text)
    ADC1_2_IRQHandler                        0x08000293   Thumb Code     0  startup_stm32f10x_hd.o(.text)
    ADC3_IRQHandler                          0x08000293   Thumb Code     0  startup_stm32f10x_hd.o(.text)
    CAN1_RX1_IRQHandler                      0x08000293   Thumb Code     0  startup_stm32f10x_hd.o(.text)
    CAN1_SCE_IRQHandler                      0x08000293   Thumb Code     0  startup_stm32f10x_hd.o(.text)
    DMA1_Channel1_IRQHandler                 0x08000293   Thumb Code     0  startup_stm32f10x_hd.o(.text)
    DMA1_Channel2_IRQHandler                 0x08000293   Thumb Code     0  startup_stm32f10x_hd.o(.text)
    DMA1_Channel3_IRQHandler                 0x08000293   Thumb Code     0  startup_stm32f10x_hd.o(.text)
    DMA1_Channel4_IRQHandler                 0x08000293   Thumb Code     0  startup_stm32f10x_hd.o(.text)
    DMA1_Channel5_IRQHandler                 0x08000293   Thumb Code     0  startup_stm32f10x_hd.o(.text)
    DMA1_Channel6_IRQHandler                 0x08000293   Thumb Code     0  startup_stm32f10x_hd.o(.text)
    DMA1_Channel7_IRQHandler                 0x08000293   Thumb Code     0  startup_stm32f10x_hd.o(.text)
    DMA2_Channel1_IRQHandler                 0x08000293   Thumb Code     0  startup_stm32f10x_hd.o(.text)
    DMA2_Channel2_IRQHandler                 0x08000293   Thumb Code     0  startup_stm32f10x_hd.o(.text)
    DMA2_Channel3_IRQHandler                 0x08000293   Thumb Code     0  startup_stm32f10x_hd.o(.text)
    DMA2_Channel4_5_IRQHandler               0x08000293   Thumb Code     0  startup_stm32f10x_hd.o(.text)
    EXTI0_IRQHandler                         0x08000293   Thumb Code     0  startup_stm32f10x_hd.o(.text)
    EXTI15_10_IRQHandler                     0x08000293   Thumb Code     0  startup_stm32f10x_hd.o(.text)
    EXTI1_IRQHandler                         0x08000293   Thumb Code     0  startup_stm32f10x_hd.o(.text)
    EXTI3_IRQHandler                         0x08000293   Thumb Code     0  startup_stm32f10x_hd.o(.text)
    EXTI4_IRQHandler                         0x08000293   Thumb Code     0  startup_stm32f10x_hd.o(.text)
    EXTI9_5_IRQHandler                       0x08000293   Thumb Code     0  startup_stm32f10x_hd.o(.text)
    FLASH_IRQHandler                         0x08000293   Thumb Code     0  startup_stm32f10x_hd.o(.text)
    FSMC_IRQHandler                          0x08000293   Thumb Code     0  startup_stm32f10x_hd.o(.text)
    I2C1_ER_IRQHandler                       0x08000293   Thumb Code     0  startup_stm32f10x_hd.o(.text)
    I2C1_EV_IRQHandler                       0x08000293   Thumb Code     0  startup_stm32f10x_hd.o(.text)
    I2C2_ER_IRQHandler                       0x08000293   Thumb Code     0  startup_stm32f10x_hd.o(.text)
    I2C2_EV_IRQHandler                       0x08000293   Thumb Code     0  startup_stm32f10x_hd.o(.text)
    PVD_IRQHandler                           0x08000293   Thumb Code     0  startup_stm32f10x_hd.o(.text)
    RCC_IRQHandler                           0x08000293   Thumb Code     0  startup_stm32f10x_hd.o(.text)
    RTCAlarm_IRQHandler                      0x08000293   Thumb Code     0  startup_stm32f10x_hd.o(.text)
    RTC_IRQHandler                           0x08000293   Thumb Code     0  startup_stm32f10x_hd.o(.text)
    SDIO_IRQHandler                          0x08000293   Thumb Code     0  startup_stm32f10x_hd.o(.text)
    SPI1_IRQHandler                          0x08000293   Thumb Code     0  startup_stm32f10x_hd.o(.text)
    SPI2_IRQHandler                          0x08000293   Thumb Code     0  startup_stm32f10x_hd.o(.text)
    SPI3_IRQHandler                          0x08000293   Thumb Code     0  startup_stm32f10x_hd.o(.text)
    TAMPER_IRQHandler                        0x08000293   Thumb Code     0  startup_stm32f10x_hd.o(.text)
    TIM1_BRK_IRQHandler                      0x08000293   Thumb Code     0  startup_stm32f10x_hd.o(.text)
    TIM1_CC_IRQHandler                       0x08000293   Thumb Code     0  startup_stm32f10x_hd.o(.text)
    TIM1_TRG_COM_IRQHandler                  0x08000293   Thumb Code     0  startup_stm32f10x_hd.o(.text)
    TIM1_UP_IRQHandler                       0x08000293   Thumb Code     0  startup_stm32f10x_hd.o(.text)
    TIM5_IRQHandler                          0x08000293   Thumb Code     0  startup_stm32f10x_hd.o(.text)
    TIM6_IRQHandler                          0x08000293   Thumb Code     0  startup_stm32f10x_hd.o(.text)
    TIM8_BRK_IRQHandler                      0x08000293   Thumb Code     0  startup_stm32f10x_hd.o(.text)
    TIM8_CC_IRQHandler                       0x08000293   Thumb Code     0  startup_stm32f10x_hd.o(.text)
    TIM8_TRG_COM_IRQHandler                  0x08000293   Thumb Code     0  startup_stm32f10x_hd.o(.text)
    TIM8_UP_IRQHandler                       0x08000293   Thumb Code     0  startup_stm32f10x_hd.o(.text)
    UART4_IRQHandler                         0x08000293   Thumb Code     0  startup_stm32f10x_hd.o(.text)
    UART5_IRQHandler                         0x08000293   Thumb Code     0  startup_stm32f10x_hd.o(.text)
    USBWakeUp_IRQHandler                     0x08000293   Thumb Code     0  startup_stm32f10x_hd.o(.text)
    USB_HP_CAN1_TX_IRQHandler                0x08000293   Thumb Code     0  startup_stm32f10x_hd.o(.text)
    USB_LP_CAN1_RX0_IRQHandler               0x08000293   Thumb Code     0  startup_stm32f10x_hd.o(.text)
    WWDG_IRQHandler                          0x08000293   Thumb Code     0  startup_stm32f10x_hd.o(.text)
    __user_initial_stackheap                 0x08000295   Thumb Code     0  startup_stm32f10x_hd.o(.text)
    __use_no_semihosting                     0x080002b9   Thumb Code     2  use_no_semi_2.o(.text)
    __aeabi_ldivmod                          0x080002bb   Thumb Code     0  llsdiv.o(.text)
    _ll_sdiv                                 0x080002bb   Thumb Code    72  llsdiv.o(.text)
    __c89vsprintf                            0x08000305   Thumb Code    32  c89vsprintf.o(.text)
    __2printf                                0x08000329   Thumb Code    20  __2printf.o(.text)
    _printf_pre_padding                      0x08000341   Thumb Code    44  _printf_pad.o(.text)
    _printf_post_padding                     0x0800036d   Thumb Code    34  _printf_pad.o(.text)
    _printf_str                              0x0800038f   Thumb Code    82  _printf_str.o(.text)
    _printf_int_dec                          0x080003e1   Thumb Code   104  _printf_dec.o(.text)
    _printf_longlong_hex                     0x08000459   Thumb Code    86  _printf_hex_int_ll_ptr.o(.text)
    _printf_int_hex                          0x080004af   Thumb Code    28  _printf_hex_int_ll_ptr.o(.text)
    _printf_ll_hex                           0x080004cb   Thumb Code    12  _printf_hex_int_ll_ptr.o(.text)
    _printf_hex_ptr                          0x080004d7   Thumb Code    18  _printf_hex_int_ll_ptr.o(.text)
    __printf                                 0x080004ed   Thumb Code   388  __printf_flags_ss_wp.o(.text)
    atoi                                     0x08000675   Thumb Code    26  atoi.o(.text)
    strstr                                   0x0800068f   Thumb Code    36  strstr.o(.text)
    memcmp                                   0x080006b3   Thumb Code    88  memcmp.o(.text)
    strlen                                   0x0800070b   Thumb Code    62  strlen.o(.text)
    __aeabi_memset                           0x08000749   Thumb Code    16  aeabi_memset.o(.text)
    __use_two_region_memory                  0x08000759   Thumb Code     2  heapauxi.o(.text)
    __rt_heap_escrow$2region                 0x0800075b   Thumb Code     2  heapauxi.o(.text)
    __rt_heap_expand$2region                 0x0800075d   Thumb Code     2  heapauxi.o(.text)
    __I$use$semihosting                      0x0800075f   Thumb Code     0  use_no_semi.o(.text)
    __use_no_semihosting_swi                 0x0800075f   Thumb Code     2  use_no_semi.o(.text)
    __aeabi_errno_addr                       0x08000761   Thumb Code     8  rt_errno_addr_intlibspace.o(.text)
    __errno$intlibspace                      0x08000761   Thumb Code     0  rt_errno_addr_intlibspace.o(.text)
    __rt_errno_addr$intlibspace              0x08000761   Thumb Code     0  rt_errno_addr_intlibspace.o(.text)
    __aeabi_uldivmod                         0x08000769   Thumb Code     0  lludivv7m.o(.text)
    _ll_udiv                                 0x08000769   Thumb Code   238  lludivv7m.o(.text)
    __read_errno                             0x08000857   Thumb Code    10  _rserrno.o(.text)
    __set_errno                              0x08000861   Thumb Code    12  _rserrno.o(.text)
    _printf_truncate_signed                  0x0800086d   Thumb Code    18  _printf_truncate.o(.text)
    _printf_truncate_unsigned                0x0800087f   Thumb Code    18  _printf_truncate.o(.text)
    _printf_int_common                       0x08000891   Thumb Code   178  _printf_intcommon.o(.text)
    _printf_charcount                        0x08000943   Thumb Code    40  _printf_charcount.o(.text)
    __lib_sel_fp_printf                      0x0800096b   Thumb Code     2  _printf_fp_dec.o(.text)
    _printf_fp_dec_real                      0x08000b19   Thumb Code   620  _printf_fp_dec.o(.text)
    _printf_char_common                      0x08000d8f   Thumb Code    32  _printf_char_common.o(.text)
    _sputc                                   0x08000db5   Thumb Code    10  _sputc.o(.text)
    _printf_cs_common                        0x08000dbf   Thumb Code    20  _printf_char.o(.text)
    _printf_char                             0x08000dd3   Thumb Code    16  _printf_char.o(.text)
    _printf_string                           0x08000de3   Thumb Code     8  _printf_char.o(.text)
    _printf_char_file                        0x08000ded   Thumb Code    32  _printf_char_file.o(.text)
    _printf_wctomb                           0x08000e11   Thumb Code   182  _printf_wctomb.o(.text)
    _printf_longlong_dec                     0x08000ecd   Thumb Code   108  _printf_longlong_dec.o(.text)
    _printf_longlong_oct                     0x08000f49   Thumb Code    66  _printf_oct_int_ll.o(.text)
    _printf_int_oct                          0x08000f8b   Thumb Code    24  _printf_oct_int_ll.o(.text)
    _printf_ll_oct                           0x08000fa3   Thumb Code    12  _printf_oct_int_ll.o(.text)
    strtol                                   0x08000fb9   Thumb Code   112  strtol.o(.text)
    __aeabi_memclr                           0x08001029   Thumb Code     0  rt_memclr.o(.text)
    __rt_memclr                              0x08001029   Thumb Code    68  rt_memclr.o(.text)
    _memset                                  0x0800102d   Thumb Code     0  rt_memclr.o(.text)
    __user_libspace                          0x0800106d   Thumb Code     8  libspace.o(.text)
    __user_perproc_libspace                  0x0800106d   Thumb Code     0  libspace.o(.text)
    __user_perthread_libspace                0x0800106d   Thumb Code     0  libspace.o(.text)
    __rt_ctype_table                         0x08001075   Thumb Code    16  rt_ctype_table.o(.text)
    __rt_locale                              0x08001085   Thumb Code     8  rt_locale_intlibspace.o(.text)
    _ll_udiv10                               0x0800108d   Thumb Code   138  lludiv10.o(.text)
    _printf_fp_infnan                        0x08001119   Thumb Code   112  _printf_fp_infnan.o(.text)
    _printf_lcs_common                       0x08001199   Thumb Code    20  _printf_wchar.o(.text)
    _printf_wchar                            0x080011ad   Thumb Code    16  _printf_wchar.o(.text)
    _printf_wstring                          0x080011bd   Thumb Code     8  _printf_wchar.o(.text)
    _strtoul                                 0x080011c5   Thumb Code   158  _strtoul.o(.text)
    _btod_etento                             0x08001265   Thumb Code   216  bigflt0.o(.text)
    ferror                                   0x08001341   Thumb Code     8  ferror.o(.text)
    _wcrtomb                                 0x08001349   Thumb Code    64  _wcrtomb.o(.text)
    __aeabi_memclr4                          0x08001389   Thumb Code     0  rt_memclr_w.o(.text)
    __aeabi_memclr8                          0x08001389   Thumb Code     0  rt_memclr_w.o(.text)
    __rt_memclr_w                            0x08001389   Thumb Code    78  rt_memclr_w.o(.text)
    _memset_w                                0x0800138d   Thumb Code     0  rt_memclr_w.o(.text)
    __user_setup_stackheap                   0x080013d7   Thumb Code    74  sys_stackheap_outer.o(.text)
    _chval                                   0x08001421   Thumb Code    28  _chval.o(.text)
    exit                                     0x0800143d   Thumb Code    18  exit.o(.text)
    strcmp                                   0x08001451   Thumb Code   128  strcmpv7m.o(.text)
    _btod_d2e                                0x080014d1   Thumb Code    62  btod.o(CL$$btod_d2e)
    _d2e_denorm_low                          0x0800150f   Thumb Code    70  btod.o(CL$$btod_d2e_denorm_low)
    _d2e_norm_op1                            0x08001555   Thumb Code    96  btod.o(CL$$btod_d2e_norm_op1)
    __btod_div_common                        0x080015b5   Thumb Code   696  btod.o(CL$$btod_div_common)
    _e2e                                     0x080018ed   Thumb Code   198  btod.o(CL$$btod_e2e)
    _btod_ediv                               0x080019b3   Thumb Code    40  btod.o(CL$$btod_ediv)
    _btod_emul                               0x080019db   Thumb Code    40  btod.o(CL$$btod_emul)
    __btod_mult_common                       0x08001a03   Thumb Code   580  btod.o(CL$$btod_mult_common)
    BusFault_Handler                         0x08001c47   Thumb Code     4  stm32f10x_it.o(i.BusFault_Handler)
    DMA_DeInit                               0x08001c4d   Thumb Code   324  stm32f10x_dma.o(i.DMA_DeInit)
    DMA_Init                                 0x08001d99   Thumb Code    60  stm32f10x_dma.o(i.DMA_Init)
    DebugMon_Handler                         0x08001dd5   Thumb Code     2  stm32f10x_it.o(i.DebugMon_Handler)
    EXTI2_IRQHandler                         0x08001dd9   Thumb Code    38  exti.o(i.EXTI2_IRQHandler)
    EXTI_ClearITPendingBit                   0x08001e15   Thumb Code     6  stm32f10x_exti.o(i.EXTI_ClearITPendingBit)
    GPIO_Init                                0x08001e21   Thumb Code   278  stm32f10x_gpio.o(i.GPIO_Init)
    GPIO_PinRemapConfig                      0x08001f39   Thumb Code   138  stm32f10x_gpio.o(i.GPIO_PinRemapConfig)
    GPIO_ReadInputDataBit                    0x08001fc9   Thumb Code    18  stm32f10x_gpio.o(i.GPIO_ReadInputDataBit)
    GPIO_SetBits                             0x08001fdb   Thumb Code     4  stm32f10x_gpio.o(i.GPIO_SetBits)
    HardFault_Handler                        0x08001fdf   Thumb Code     4  stm32f10x_it.o(i.HardFault_Handler)
    Judge_Pesture                            0x08001fe5   Thumb Code   366  pesture.o(i.Judge_Pesture)
    KEY_Init                                 0x08002191   Thumb Code    40  key.o(i.KEY_Init)
    KEY_Scan                                 0x080021c1   Thumb Code    74  key.o(i.KEY_Scan)
    LED_Init                                 0x08002215   Thumb Code    50  led.o(i.LED_Init)
    MPU_IIC_Ack                              0x08002255   Thumb Code    62  mpuiic.o(i.MPU_IIC_Ack)
    MPU_IIC_Delay                            0x080022a1   Thumb Code    10  mpuiic.o(i.MPU_IIC_Delay)
    MPU_IIC_Init                             0x080022ad   Thumb Code    50  mpuiic.o(i.MPU_IIC_Init)
    MPU_IIC_NAck                             0x080022e5   Thumb Code    62  mpuiic.o(i.MPU_IIC_NAck)
    MPU_IIC_Read_Byte                        0x08002331   Thumb Code    94  mpuiic.o(i.MPU_IIC_Read_Byte)
    MPU_IIC_Send_Byte                        0x0800239d   Thumb Code    80  mpuiic.o(i.MPU_IIC_Send_Byte)
    MPU_IIC_Start                            0x080023f9   Thumb Code    60  mpuiic.o(i.MPU_IIC_Start)
    MPU_IIC_Stop                             0x08002441   Thumb Code    58  mpuiic.o(i.MPU_IIC_Stop)
    MPU_IIC_Wait_Ack                         0x08002489   Thumb Code    86  mpuiic.o(i.MPU_IIC_Wait_Ack)
    MPU_Init                                 0x080024ed   Thumb Code   122  mpu6050.o(i.MPU_Init)
    MPU_Read_Byte                            0x08002567   Thumb Code    58  mpu6050.o(i.MPU_Read_Byte)
    MPU_Read_Len                             0x080025a1   Thumb Code   116  mpu6050.o(i.MPU_Read_Len)
    MPU_Set_Accel_Fsr                        0x08002615   Thumb Code    16  mpu6050.o(i.MPU_Set_Accel_Fsr)
    MPU_Set_Gyro_Fsr                         0x08002625   Thumb Code    16  mpu6050.o(i.MPU_Set_Gyro_Fsr)
    MPU_Set_LPF                              0x08002635   Thumb Code    58  mpu6050.o(i.MPU_Set_LPF)
    MPU_Set_Rate                             0x0800266f   Thumb Code    58  mpu6050.o(i.MPU_Set_Rate)
    MPU_Write_Byte                           0x080026a9   Thumb Code    68  mpu6050.o(i.MPU_Write_Byte)
    MPU_Write_Len                            0x080026ed   Thumb Code    96  mpu6050.o(i.MPU_Write_Len)
    MemManage_Handler                        0x0800274d   Thumb Code     4  stm32f10x_it.o(i.MemManage_Handler)
    NMI_Handler                              0x08002751   Thumb Code     2  stm32f10x_it.o(i.NMI_Handler)
    NVIC_Init                                0x08002755   Thumb Code   100  misc.o(i.NVIC_Init)
    NVIC_PriorityGroupConfig                 0x080027c5   Thumb Code    10  misc.o(i.NVIC_PriorityGroupConfig)
    PendSV_Handler                           0x080027d9   Thumb Code     2  stm32f10x_it.o(i.PendSV_Handler)
    Posture_Deal                             0x080027dd   Thumb Code   162  myconf.o(i.Posture_Deal)
    RCC_AHBPeriphClockCmd                    0x080028cd   Thumb Code    26  stm32f10x_rcc.o(i.RCC_AHBPeriphClockCmd)
    RCC_APB1PeriphClockCmd                   0x080028ed   Thumb Code    26  stm32f10x_rcc.o(i.RCC_APB1PeriphClockCmd)
    RCC_APB1PeriphResetCmd                   0x0800290d   Thumb Code    26  stm32f10x_rcc.o(i.RCC_APB1PeriphResetCmd)
    RCC_APB2PeriphClockCmd                   0x0800292d   Thumb Code    26  stm32f10x_rcc.o(i.RCC_APB2PeriphClockCmd)
    RCC_APB2PeriphResetCmd                   0x0800294d   Thumb Code    26  stm32f10x_rcc.o(i.RCC_APB2PeriphResetCmd)
    RCC_GetClocksFreq                        0x0800296d   Thumb Code   192  stm32f10x_rcc.o(i.RCC_GetClocksFreq)
    Red_Deal                                 0x08002a41   Thumb Code    90  myconf.o(i.Red_Deal)
    SVC_Handler                              0x08002ac5   Thumb Code     2  stm32f10x_it.o(i.SVC_Handler)
    SysTick_CLKSourceConfig                  0x08002bb1   Thumb Code    40  misc.o(i.SysTick_CLKSourceConfig)
    SysTick_Handler                          0x08002bd9   Thumb Code     2  stm32f10x_it.o(i.SysTick_Handler)
    SystemInit                               0x08002bdd   Thumb Code    78  system_stm32f10x.o(i.SystemInit)
    TIM2_IRQHandler                          0x08002c3d   Thumb Code   208  timer.o(i.TIM2_IRQHandler)
    TIM2_Int_Init                            0x08002d49   Thumb Code    90  timer.o(i.TIM2_Int_Init)
    TIM3_IRQHandler                          0x08002da5   Thumb Code    58  timer.o(i.TIM3_IRQHandler)
    TIM3_Int_Init                            0x08002ded   Thumb Code    90  timer.o(i.TIM3_Int_Init)
    TIM4_IRQHandler                          0x08002e4d   Thumb Code    40  usart2.o(i.TIM4_IRQHandler)
    TIM4_Init                                0x08002e7d   Thumb Code    82  usart2.o(i.TIM4_Init)
    TIM4_Set                                 0x08002ed5   Thumb Code    34  usart2.o(i.TIM4_Set)
    TIM7_IRQHandler                          0x08002efd   Thumb Code    42  timer.o(i.TIM7_IRQHandler)
    TIM7_Int_Init                            0x08002f31   Thumb Code    90  timer.o(i.TIM7_Int_Init)
    TIM_ClearITPendingBit                    0x08002f91   Thumb Code     6  stm32f10x_tim.o(i.TIM_ClearITPendingBit)
    TIM_Cmd                                  0x08002f97   Thumb Code    24  stm32f10x_tim.o(i.TIM_Cmd)
    TIM_GetITStatus                          0x08002faf   Thumb Code    34  stm32f10x_tim.o(i.TIM_GetITStatus)
    TIM_ITConfig                             0x08002fd1   Thumb Code    18  stm32f10x_tim.o(i.TIM_ITConfig)
    TIM_SetCounter                           0x08002fe3   Thumb Code     4  stm32f10x_tim.o(i.TIM_SetCounter)
    TIM_TimeBaseInit                         0x08002fe9   Thumb Code   122  stm32f10x_tim.o(i.TIM_TimeBaseInit)
    UART_DMA_Config                          0x0800308d   Thumb Code    72  usart2.o(i.UART_DMA_Config)
    USART1_IRQHandler                        0x080030d5   Thumb Code   122  usart.o(i.USART1_IRQHandler)
    USART2_IRQHandler                        0x0800315d   Thumb Code    84  usart2.o(i.USART2_IRQHandler)
    USART2_Init                              0x080031c1   Thumb Code   206  usart2.o(i.USART2_Init)
    USART3_IRQHandler                        0x080032a5   Thumb Code    94  usart3.o(i.USART3_IRQHandler)
    USART_Cmd                                0x08003315   Thumb Code    24  stm32f10x_usart.o(i.USART_Cmd)
    USART_DMACmd                             0x0800332d   Thumb Code    18  stm32f10x_usart.o(i.USART_DMACmd)
    USART_DeInit                             0x08003341   Thumb Code   134  stm32f10x_usart.o(i.USART_DeInit)
    USART_GetFlagStatus                      0x080033dd   Thumb Code    26  stm32f10x_usart.o(i.USART_GetFlagStatus)
    USART_GetITStatus                        0x080033f7   Thumb Code    84  stm32f10x_usart.o(i.USART_GetITStatus)
    USART_ITConfig                           0x0800344b   Thumb Code    74  stm32f10x_usart.o(i.USART_ITConfig)
    USART_Init                               0x08003495   Thumb Code   210  stm32f10x_usart.o(i.USART_Init)
    USART_ReceiveData                        0x0800356d   Thumb Code    10  stm32f10x_usart.o(i.USART_ReceiveData)
    USART_SendData                           0x08003577   Thumb Code     8  stm32f10x_usart.o(i.USART_SendData)
    UsageFault_Handler                       0x0800357f   Thumb Code     4  stm32f10x_it.o(i.UsageFault_Handler)
    __ARM_fpclassify                         0x08003583   Thumb Code    40  fpclassify.o(i.__ARM_fpclassify)
    __kernel_poly                            0x080035ab   Thumb Code   170  poly.o(i.__kernel_poly)
    __mathlib_dbl_infnan                     0x08003655   Thumb Code     6  dunder.o(i.__mathlib_dbl_infnan)
    __mathlib_dbl_infnan2                    0x0800365b   Thumb Code     4  dunder.o(i.__mathlib_dbl_infnan2)
    __mathlib_dbl_invalid                    0x0800365f   Thumb Code    12  dunder.o(i.__mathlib_dbl_invalid)
    __mathlib_dbl_underflow                  0x0800366d   Thumb Code    10  dunder.o(i.__mathlib_dbl_underflow)
    _is_digit                                0x0800367d   Thumb Code    14  __printf_wp.o(i._is_digit)
    _sys_exit                                0x0800368b   Thumb Code     6  usart.o(i._sys_exit)
    asin                                     0x08003739   Thumb Code   572  asin.o(i.asin)
    atan                                     0x080039a9   Thumb Code   474  atan.o(i.atan)
    atan2                                    0x08003bc9   Thumb Code   346  atan2.o(i.atan2)
    delay_init                               0x08003dad   Thumb Code    50  delay.o(i.delay_init)
    delay_ms                                 0x08003df1   Thumb Code    72  delay.o(i.delay_ms)
    delay_us                                 0x08003e3d   Thumb Code    72  delay.o(i.delay_us)
    dist_value                               0x08003e89   Thumb Code    28  usart3.o(i.dist_value)
    dmp_enable_6x_lp_quat                    0x08003ea9   Thumb Code    60  inv_mpu_dmp_motion_driver.o(i.dmp_enable_6x_lp_quat)
    dmp_enable_feature                       0x08003ee5   Thumb Code   530  inv_mpu_dmp_motion_driver.o(i.dmp_enable_feature)
    dmp_enable_gyro_cal                      0x08004101   Thumb Code    62  inv_mpu_dmp_motion_driver.o(i.dmp_enable_gyro_cal)
    dmp_enable_lp_quat                       0x08004159   Thumb Code    60  inv_mpu_dmp_motion_driver.o(i.dmp_enable_lp_quat)
    dmp_load_motion_driver_firmware          0x08004195   Thumb Code    20  inv_mpu_dmp_motion_driver.o(i.dmp_load_motion_driver_firmware)
    dmp_read_fifo                            0x080041ad   Thumb Code   456  inv_mpu_dmp_motion_driver.o(i.dmp_read_fifo)
    dmp_set_accel_bias                       0x08004379   Thumb Code   300  inv_mpu_dmp_motion_driver.o(i.dmp_set_accel_bias)
    dmp_set_fifo_rate                        0x080044a9   Thumb Code    96  inv_mpu_dmp_motion_driver.o(i.dmp_set_fifo_rate)
    dmp_set_gyro_bias                        0x08004519   Thumb Code   294  inv_mpu_dmp_motion_driver.o(i.dmp_set_gyro_bias)
    dmp_set_orientation                      0x08004649   Thumb Code   290  inv_mpu_dmp_motion_driver.o(i.dmp_set_orientation)
    dmp_set_shake_reject_thresh              0x08004781   Thumb Code    56  inv_mpu_dmp_motion_driver.o(i.dmp_set_shake_reject_thresh)
    dmp_set_shake_reject_time                0x080047b9   Thumb Code    38  inv_mpu_dmp_motion_driver.o(i.dmp_set_shake_reject_time)
    dmp_set_shake_reject_timeout             0x080047df   Thumb Code    38  inv_mpu_dmp_motion_driver.o(i.dmp_set_shake_reject_timeout)
    dmp_set_tap_axes                         0x08004805   Thumb Code    70  inv_mpu_dmp_motion_driver.o(i.dmp_set_tap_axes)
    dmp_set_tap_count                        0x0800484b   Thumb Code    38  inv_mpu_dmp_motion_driver.o(i.dmp_set_tap_count)
    dmp_set_tap_thresh                       0x08004871   Thumb Code   396  inv_mpu_dmp_motion_driver.o(i.dmp_set_tap_thresh)
    dmp_set_tap_time                         0x08004a11   Thumb Code    38  inv_mpu_dmp_motion_driver.o(i.dmp_set_tap_time)
    dmp_set_tap_time_multi                   0x08004a37   Thumb Code    38  inv_mpu_dmp_motion_driver.o(i.dmp_set_tap_time_multi)
    fputc                                    0x08004a5d   Thumb Code    24  usart.o(i.fputc)
    inv_orientation_matrix_to_scalar         0x080050ad   Thumb Code    40  inv_mpu.o(i.inv_orientation_matrix_to_scalar)
    inv_row_2_scale                          0x080050d5   Thumb Code    78  inv_mpu.o(i.inv_row_2_scale)
    main                                     0x08005125   Thumb Code   424  main.o(i.main)
    mget_ms                                  0x08005401   Thumb Code     2  inv_mpu.o(i.mget_ms)
    mpu_configure_fifo                       0x08005405   Thumb Code   106  inv_mpu.o(i.mpu_configure_fifo)
    mpu_dmp_get_data                         0x08005475   Thumb Code   544  inv_mpu.o(i.mpu_dmp_get_data)
    mpu_dmp_init                             0x08005699   Thumb Code   154  inv_mpu.o(i.mpu_dmp_init)
    mpu_get_accel_fsr                        0x08005739   Thumb Code    72  inv_mpu.o(i.mpu_get_accel_fsr)
    mpu_get_accel_sens                       0x08005785   Thumb Code    78  inv_mpu.o(i.mpu_get_accel_sens)
    mpu_get_fifo_config                      0x080057d9   Thumb Code    12  inv_mpu.o(i.mpu_get_fifo_config)
    mpu_get_gyro_fsr                         0x080057e9   Thumb Code    64  inv_mpu.o(i.mpu_get_gyro_fsr)
    mpu_get_gyro_sens                        0x0800582d   Thumb Code    58  inv_mpu.o(i.mpu_get_gyro_sens)
    mpu_get_lpf                              0x0800587d   Thumb Code    74  inv_mpu.o(i.mpu_get_lpf)
    mpu_get_sample_rate                      0x080058cd   Thumb Code    26  inv_mpu.o(i.mpu_get_sample_rate)
    mpu_init                                 0x080058ed   Thumb Code   416  inv_mpu.o(i.mpu_init)
    mpu_load_firmware                        0x08005add   Thumb Code   180  inv_mpu.o(i.mpu_load_firmware)
    mpu_lp_accel_mode                        0x08005b95   Thumb Code   218  inv_mpu.o(i.mpu_lp_accel_mode)
    mpu_read_fifo_stream                     0x08005c75   Thumb Code   186  inv_mpu.o(i.mpu_read_fifo_stream)
    mpu_read_mem                             0x08005d35   Thumb Code   122  inv_mpu.o(i.mpu_read_mem)
    mpu_reset_fifo                           0x08005db5   Thumb Code   450  inv_mpu.o(i.mpu_reset_fifo)
    mpu_run_self_test                        0x08005f7d   Thumb Code   278  inv_mpu.o(i.mpu_run_self_test)
    mpu_set_accel_fsr                        0x08006099   Thumb Code   126  inv_mpu.o(i.mpu_set_accel_fsr)
    mpu_set_bypass                           0x0800611d   Thumb Code   328  inv_mpu.o(i.mpu_set_bypass)
    mpu_set_dmp_state                        0x08006269   Thumb Code   138  inv_mpu.o(i.mpu_set_dmp_state)
    mpu_set_gyro_fsr                         0x080062f9   Thumb Code   132  inv_mpu.o(i.mpu_set_gyro_fsr)
    mpu_set_int_latched                      0x08006381   Thumb Code   102  inv_mpu.o(i.mpu_set_int_latched)
    mpu_set_lpf                              0x080063ed   Thumb Code   126  inv_mpu.o(i.mpu_set_lpf)
    mpu_set_sample_rate                      0x08006471   Thumb Code   152  inv_mpu.o(i.mpu_set_sample_rate)
    mpu_set_sensors                          0x0800650d   Thumb Code   202  inv_mpu.o(i.mpu_set_sensors)
    mpu_write_mem                            0x080065dd   Thumb Code   122  inv_mpu.o(i.mpu_write_mem)
    pos_value                                0x0800665d   Thumb Code    22  usart3.o(i.pos_value)
    red_Init                                 0x08006679   Thumb Code    32  exti.o(i.red_Init)
    run_self_test                            0x0800669d   Thumb Code   148  inv_mpu.o(i.run_self_test)
    sqrt                                     0x080067c1   Thumb Code    76  sqrt.o(i.sqrt)
    u3_printf                                0x0800680d   Thumb Code    72  usart3.o(i.u3_printf)
    uart_init                                0x0800685d   Thumb Code   152  usart.o(i.uart_init)
    usart3_init                              0x080068fd   Thumb Code   192  usart3.o(i.usart3_init)
    zigbee_check_cmd                         0x080069cd   Thumb Code   178  usart3.o(i.zigbee_check_cmd)
    zigbee_send_cmd                          0x08006ab1   Thumb Code    72  usart3.o(i.zigbee_send_cmd)
    _get_lc_numeric                          0x08006b05   Thumb Code    44  lc_numeric_c.o(locale$$code)
    _get_lc_ctype                            0x08006b31   Thumb Code    44  lc_ctype_c.o(locale$$code)
    __aeabi_d2f                              0x08006b5d   Thumb Code     0  d2f.o(x$fpl$d2f)
    _d2f                                     0x08006b5d   Thumb Code    98  d2f.o(x$fpl$d2f)
    __aeabi_dadd                             0x08006bc1   Thumb Code     0  daddsub_clz.o(x$fpl$dadd)
    _dadd                                    0x08006bc1   Thumb Code   332  daddsub_clz.o(x$fpl$dadd)
    __fpl_dcheck_NaN1                        0x08006d11   Thumb Code    10  dcheck1.o(x$fpl$dcheck1)
    __fpl_dcmp_Inf                           0x08006d21   Thumb Code    24  dcmpi.o(x$fpl$dcmpinf)
    __aeabi_ddiv                             0x08006d39   Thumb Code     0  ddiv.o(x$fpl$ddiv)
    _ddiv                                    0x08006d39   Thumb Code   552  ddiv.o(x$fpl$ddiv)
    __aeabi_cdcmple                          0x08006fe9   Thumb Code     0  dleqf.o(x$fpl$dleqf)
    _dcmple                                  0x08006fe9   Thumb Code   120  dleqf.o(x$fpl$dleqf)
    __fpl_dcmple_InfNaN                      0x0800704b   Thumb Code     0  dleqf.o(x$fpl$dleqf)
    __aeabi_dmul                             0x08007061   Thumb Code     0  dmul.o(x$fpl$dmul)
    _dmul                                    0x08007061   Thumb Code   332  dmul.o(x$fpl$dmul)
    __fpl_dnaninf                            0x080071b5   Thumb Code   156  dnaninf.o(x$fpl$dnaninf)
    __fpl_dretinf                            0x08007251   Thumb Code    12  dretinf.o(x$fpl$dretinf)
    __aeabi_cdrcmple                         0x0800725d   Thumb Code     0  drleqf.o(x$fpl$drleqf)
    _drcmple                                 0x0800725d   Thumb Code   108  drleqf.o(x$fpl$drleqf)
    __aeabi_drsub                            0x080072c9   Thumb Code     0  daddsub_clz.o(x$fpl$drsb)
    _drsb                                    0x080072c9   Thumb Code    22  daddsub_clz.o(x$fpl$drsb)
    _dsqrt                                   0x080072e1   Thumb Code   456  dsqrt_noumaal.o(x$fpl$dsqrt)
    __aeabi_dsub                             0x080074ad   Thumb Code     0  daddsub_clz.o(x$fpl$dsub)
    _dsub                                    0x080074ad   Thumb Code   464  daddsub_clz.o(x$fpl$dsub)
    __aeabi_f2d                              0x08007681   Thumb Code     0  f2d.o(x$fpl$f2d)
    _f2d                                     0x08007681   Thumb Code    86  f2d.o(x$fpl$f2d)
    __aeabi_fadd                             0x080076d9   Thumb Code     0  faddsub_clz.o(x$fpl$fadd)
    _fadd                                    0x080076d9   Thumb Code   196  faddsub_clz.o(x$fpl$fadd)
    __fpl_fcmp_Inf                           0x0800779d   Thumb Code    24  fcmpi.o(x$fpl$fcmpinf)
    __aeabi_fdiv                             0x080077b5   Thumb Code     0  fdiv.o(x$fpl$fdiv)
    _fdiv                                    0x080077b5   Thumb Code   384  fdiv.o(x$fpl$fdiv)
    __aeabi_cfcmpeq                          0x08007939   Thumb Code     0  feqf.o(x$fpl$feqf)
    _fcmpeq                                  0x08007939   Thumb Code   104  feqf.o(x$fpl$feqf)
    __aeabi_f2iz                             0x080079a1   Thumb Code     0  ffix.o(x$fpl$ffix)
    _ffix                                    0x080079a1   Thumb Code    54  ffix.o(x$fpl$ffix)
    __aeabi_f2uiz                            0x080079d9   Thumb Code     0  ffixu.o(x$fpl$ffixu)
    _ffixu                                   0x080079d9   Thumb Code    62  ffixu.o(x$fpl$ffixu)
    __aeabi_i2f                              0x08007a19   Thumb Code     0  fflt_clz.o(x$fpl$fflt)
    _fflt                                    0x08007a19   Thumb Code    48  fflt_clz.o(x$fpl$fflt)
    __aeabi_ui2f                             0x08007a49   Thumb Code     0  fflt_clz.o(x$fpl$ffltu)
    _ffltu                                   0x08007a49   Thumb Code    38  fflt_clz.o(x$fpl$ffltu)
    __aeabi_cfcmple                          0x08007a71   Thumb Code     0  fleqf.o(x$fpl$fleqf)
    _fcmple                                  0x08007a71   Thumb Code   104  fleqf.o(x$fpl$fleqf)
    __fpl_fcmple_InfNaN                      0x08007ac3   Thumb Code     0  fleqf.o(x$fpl$fleqf)
    __aeabi_fmul                             0x08007ad9   Thumb Code     0  fmul.o(x$fpl$fmul)
    _fmul                                    0x08007ad9   Thumb Code   258  fmul.o(x$fpl$fmul)
    __fpl_fnaninf                            0x08007bdb   Thumb Code   140  fnaninf.o(x$fpl$fnaninf)
    __fpl_fretinf                            0x08007c67   Thumb Code    10  fretinf.o(x$fpl$fretinf)
    __aeabi_cfrcmple                         0x08007c71   Thumb Code     0  frleqf.o(x$fpl$frleqf)
    _frcmple                                 0x08007c71   Thumb Code    98  frleqf.o(x$fpl$frleqf)
    __aeabi_fsub                             0x08007cd5   Thumb Code     0  faddsub_clz.o(x$fpl$fsub)
    _fsub                                    0x08007cd5   Thumb Code   234  faddsub_clz.o(x$fpl$fsub)
    _printf_fp_dec                           0x08007dbf   Thumb Code     4  printf1.o(x$fpl$printf1)
    __fpl_return_NaN                         0x08007dc3   Thumb Code   100  retnan.o(x$fpl$retnan)
    __ARM_scalbn                             0x08007e27   Thumb Code    92  scalbn.o(x$fpl$scalbn)
    __fpl_cmpreturn                          0x08007e83   Thumb Code    48  trapv.o(x$fpl$trapveneer)
    __I$use$fp                               0x08007eb2   Number         0  usenofp.o(x$fpl$usenofp)
    reg                                      0x08007eb4   Data          27  inv_mpu.o(.constdata)
    hw                                       0x08007ed0   Data          12  inv_mpu.o(.constdata)
    test                                     0x08007edc   Data          40  inv_mpu.o(.constdata)
    __mathlib_zero                           0x08008c28   Data           8  qnan.o(.constdata)
    Region$$Table$$Base                      0x08008d14   Number         0  anon$$obj.o(Region$$Table)
    Region$$Table$$Limit                     0x08008d34   Number         0  anon$$obj.o(Region$$Table)
    __ctype                                  0x08008d5d   Data           0  lc_ctype_c.o(locale$$data)
    p                                        0x20000000   Data           4  main.o(.data)
    y                                        0x20000004   Data           4  main.o(.data)
    r                                        0x20000008   Data           4  main.o(.data)
    posvalue                                 0x2000000c   Data           4  main.o(.data)
    cmd                                      0x20000010   Data           1  main.o(.data)
    red_temp                                 0x20000011   Data           1  main.o(.data)
    posture_temp                             0x20000012   Data           1  main.o(.data)
    homework_temp                            0x20000013   Data           1  main.o(.data)
    cmd_temp                                 0x20000014   Data           1  main.o(.data)
    pitch                                    0x20000018   Data           4  main.o(.data)
    roll                                     0x2000001c   Data           4  main.o(.data)
    yaw                                      0x20000020   Data           4  main.o(.data)
    posture_flag                             0x20000024   Data           1  main.o(.data)
    key                                      0x20000025   Data           1  main.o(.data)
    posture_key                              0x20000026   Data           1  main.o(.data)
    homework_flag                            0x20000027   Data           1  main.o(.data)
    distancevalue                            0x20000028   Data           1  main.o(.data)
    SystemCoreClock                          0x2000002c   Data           4  system_stm32f10x.o(.data)
    AHBPrescTable                            0x20000030   Data          16  system_stm32f10x.o(.data)
    time_flag                                0x20000079   Data           1  pesture.o(.data)
    USART2_RX_STA                            0x2000007a   Data           2  usart2.o(.data)
    USART3_RX_STA                            0x2000007c   Data           2  usart3.o(.data)
    a                                        0x2000007e   Data           1  timer.o(.data)
    b                                        0x2000007f   Data           1  timer.o(.data)
    c                                        0x20000080   Data           1  timer.o(.data)
    red_flag                                 0x20000081   Data           1  exti.o(.data)
    __stdout                                 0x20000088   Data           4  usart.o(.data)
    USART_RX_STA                             0x2000008c   Data           2  usart.o(.data)
    First_Posture                            0x200000a4   Data          12  main.o(.bss)
    USART2_TX_BUF                            0x200000c0   Data        1024  usart2.o(.bss)
    USART2_RX_BUF                            0x200004c0   Data        1024  usart2.o(.bss)
    USART3_RX_BUF                            0x200008c0   Data         600  usart3.o(.bss)
    USART3_TX_BUF                            0x20000b18   Data         600  usart3.o(.bss)
    USART_RX_BUF                             0x20000d70   Data         200  usart.o(.bss)
    __libspace_start                         0x20000e38   Data          96  libspace.o(.bss)
    __temporary_stack_top$libspace           0x20000e98   Data           0  libspace.o(.bss)



==============================================================================

Memory Map of the image

  Image Entry point : 0x08000131

  Load Region LR_IROM1 (Base: 0x08000000, Size: 0x00008f04, Max: 0x00080000, ABSOLUTE)

    Execution Region ER_IROM1 (Base: 0x08000000, Size: 0x00008e60, Max: 0x00080000, ABSOLUTE)

    Base Addr    Size         Type   Attr      Idx    E Section Name        Object

    0x08000000   0x00000130   Data   RO         1482    RESET               startup_stm32f10x_hd.o
    0x08000130   0x00000008   Code   RO         2893  * !!!main             c_w.l(__main.o)
    0x08000138   0x00000034   Code   RO         3327    !!!scatter          c_w.l(__scatter.o)
    0x0800016c   0x0000001a   Code   RO         3329    !!handler_copy      c_w.l(__scatter_copy.o)
    0x08000186   0x00000002   PAD
    0x08000188   0x0000001c   Code   RO         3331    !!handler_zi        c_w.l(__scatter_zi.o)
    0x080001a4   0x00000000   Code   RO         2880    .ARM.Collect$$_printf_percent$$00000000  c_w.l(_printf_percent.o)
    0x080001a4   0x00000006   Code   RO         3023    .ARM.Collect$$_printf_percent$$00000001  c_w.l(_printf_n.o)
    0x080001aa   0x00000006   Code   RO         3024    .ARM.Collect$$_printf_percent$$00000002  c_w.l(_printf_p.o)
    0x080001b0   0x00000006   Code   RO         2879    .ARM.Collect$$_printf_percent$$00000003  c_w.l(_printf_f.o)
    0x080001b6   0x00000006   Code   RO         3028    .ARM.Collect$$_printf_percent$$00000004  c_w.l(_printf_e.o)
    0x080001bc   0x00000006   Code   RO         3029    .ARM.Collect$$_printf_percent$$00000005  c_w.l(_printf_g.o)
    0x080001c2   0x00000006   Code   RO         3030    .ARM.Collect$$_printf_percent$$00000006  c_w.l(_printf_a.o)
    0x080001c8   0x0000000a   Code   RO         3035    .ARM.Collect$$_printf_percent$$00000007  c_w.l(_printf_ll.o)
    0x080001d2   0x00000006   Code   RO         3026    .ARM.Collect$$_printf_percent$$00000008  c_w.l(_printf_i.o)
    0x080001d8   0x00000006   Code   RO         2878    .ARM.Collect$$_printf_percent$$00000009  c_w.l(_printf_d.o)
    0x080001de   0x00000006   Code   RO         3027    .ARM.Collect$$_printf_percent$$0000000A  c_w.l(_printf_u.o)
    0x080001e4   0x00000006   Code   RO         3025    .ARM.Collect$$_printf_percent$$0000000B  c_w.l(_printf_o.o)
    0x080001ea   0x00000006   Code   RO         2877    .ARM.Collect$$_printf_percent$$0000000C  c_w.l(_printf_x.o)
    0x080001f0   0x00000006   Code   RO         3032    .ARM.Collect$$_printf_percent$$0000000D  c_w.l(_printf_lli.o)
    0x080001f6   0x00000006   Code   RO         3033    .ARM.Collect$$_printf_percent$$0000000E  c_w.l(_printf_lld.o)
    0x080001fc   0x00000006   Code   RO         3034    .ARM.Collect$$_printf_percent$$0000000F  c_w.l(_printf_llu.o)
    0x08000202   0x00000006   Code   RO         3039    .ARM.Collect$$_printf_percent$$00000010  c_w.l(_printf_llo.o)
    0x08000208   0x00000006   Code   RO         3040    .ARM.Collect$$_printf_percent$$00000011  c_w.l(_printf_llx.o)
    0x0800020e   0x0000000a   Code   RO         3036    .ARM.Collect$$_printf_percent$$00000012  c_w.l(_printf_l.o)
    0x08000218   0x00000006   Code   RO         3022    .ARM.Collect$$_printf_percent$$00000013  c_w.l(_printf_c.o)
    0x0800021e   0x00000006   Code   RO         2876    .ARM.Collect$$_printf_percent$$00000014  c_w.l(_printf_s.o)
    0x08000224   0x00000006   Code   RO         3037    .ARM.Collect$$_printf_percent$$00000015  c_w.l(_printf_lc.o)
    0x0800022a   0x00000006   Code   RO         3038    .ARM.Collect$$_printf_percent$$00000016  c_w.l(_printf_ls.o)
    0x08000230   0x00000004   Code   RO         3031    .ARM.Collect$$_printf_percent$$00000017  c_w.l(_printf_percent_end.o)
    0x08000234   0x00000002   Code   RO         3196    .ARM.Collect$$libinit$$00000000  c_w.l(libinit.o)
    0x08000236   0x00000000   Code   RO         3198    .ARM.Collect$$libinit$$00000002  c_w.l(libinit2.o)
    0x08000236   0x00000000   Code   RO         3200    .ARM.Collect$$libinit$$00000004  c_w.l(libinit2.o)
    0x08000236   0x00000000   Code   RO         3203    .ARM.Collect$$libinit$$0000000A  c_w.l(libinit2.o)
    0x08000236   0x00000000   Code   RO         3205    .ARM.Collect$$libinit$$0000000C  c_w.l(libinit2.o)
    0x08000236   0x00000000   Code   RO         3207    .ARM.Collect$$libinit$$0000000E  c_w.l(libinit2.o)
    0x08000236   0x00000006   Code   RO         3208    .ARM.Collect$$libinit$$0000000F  c_w.l(libinit2.o)
    0x0800023c   0x00000000   Code   RO         3210    .ARM.Collect$$libinit$$00000011  c_w.l(libinit2.o)
    0x0800023c   0x0000000c   Code   RO         3211    .ARM.Collect$$libinit$$00000012  c_w.l(libinit2.o)
    0x08000248   0x00000000   Code   RO         3212    .ARM.Collect$$libinit$$00000013  c_w.l(libinit2.o)
    0x08000248   0x00000000   Code   RO         3214    .ARM.Collect$$libinit$$00000015  c_w.l(libinit2.o)
    0x08000248   0x0000000a   Code   RO         3215    .ARM.Collect$$libinit$$00000016  c_w.l(libinit2.o)
    0x08000252   0x00000000   Code   RO         3216    .ARM.Collect$$libinit$$00000017  c_w.l(libinit2.o)
    0x08000252   0x00000000   Code   RO         3218    .ARM.Collect$$libinit$$00000019  c_w.l(libinit2.o)
    0x08000252   0x00000000   Code   RO         3220    .ARM.Collect$$libinit$$0000001B  c_w.l(libinit2.o)
    0x08000252   0x00000000   Code   RO         3222    .ARM.Collect$$libinit$$0000001D  c_w.l(libinit2.o)
    0x08000252   0x00000000   Code   RO         3224    .ARM.Collect$$libinit$$0000001F  c_w.l(libinit2.o)
    0x08000252   0x00000000   Code   RO         3226    .ARM.Collect$$libinit$$00000021  c_w.l(libinit2.o)
    0x08000252   0x00000000   Code   RO         3228    .ARM.Collect$$libinit$$00000023  c_w.l(libinit2.o)
    0x08000252   0x00000000   Code   RO         3230    .ARM.Collect$$libinit$$00000025  c_w.l(libinit2.o)
    0x08000252   0x00000000   Code   RO         3234    .ARM.Collect$$libinit$$0000002C  c_w.l(libinit2.o)
    0x08000252   0x00000000   Code   RO         3236    .ARM.Collect$$libinit$$0000002E  c_w.l(libinit2.o)
    0x08000252   0x00000000   Code   RO         3238    .ARM.Collect$$libinit$$00000030  c_w.l(libinit2.o)
    0x08000252   0x00000000   Code   RO         3240    .ARM.Collect$$libinit$$00000032  c_w.l(libinit2.o)
    0x08000252   0x00000002   Code   RO         3241    .ARM.Collect$$libinit$$00000033  c_w.l(libinit2.o)
    0x08000254   0x00000002   Code   RO         3287    .ARM.Collect$$libshutdown$$00000000  c_w.l(libshutdown.o)
    0x08000256   0x00000000   Code   RO         3296    .ARM.Collect$$libshutdown$$00000002  c_w.l(libshutdown2.o)
    0x08000256   0x00000000   Code   RO         3298    .ARM.Collect$$libshutdown$$00000004  c_w.l(libshutdown2.o)
    0x08000256   0x00000000   Code   RO         3301    .ARM.Collect$$libshutdown$$00000007  c_w.l(libshutdown2.o)
    0x08000256   0x00000000   Code   RO         3304    .ARM.Collect$$libshutdown$$0000000A  c_w.l(libshutdown2.o)
    0x08000256   0x00000000   Code   RO         3306    .ARM.Collect$$libshutdown$$0000000C  c_w.l(libshutdown2.o)
    0x08000256   0x00000000   Code   RO         3309    .ARM.Collect$$libshutdown$$0000000F  c_w.l(libshutdown2.o)
    0x08000256   0x00000002   Code   RO         3310    .ARM.Collect$$libshutdown$$00000010  c_w.l(libshutdown2.o)
    0x08000258   0x00000000   Code   RO         2985    .ARM.Collect$$rtentry$$00000000  c_w.l(__rtentry.o)
    0x08000258   0x00000000   Code   RO         3101    .ARM.Collect$$rtentry$$00000002  c_w.l(__rtentry2.o)
    0x08000258   0x00000006   Code   RO         3113    .ARM.Collect$$rtentry$$00000004  c_w.l(__rtentry4.o)
    0x0800025e   0x00000000   Code   RO         3103    .ARM.Collect$$rtentry$$00000009  c_w.l(__rtentry2.o)
    0x0800025e   0x00000004   Code   RO         3104    .ARM.Collect$$rtentry$$0000000A  c_w.l(__rtentry2.o)
    0x08000262   0x00000000   Code   RO         3106    .ARM.Collect$$rtentry$$0000000C  c_w.l(__rtentry2.o)
    0x08000262   0x00000008   Code   RO         3107    .ARM.Collect$$rtentry$$0000000D  c_w.l(__rtentry2.o)
    0x0800026a   0x00000002   Code   RO         3244    .ARM.Collect$$rtexit$$00000000  c_w.l(rtexit.o)
    0x0800026c   0x00000000   Code   RO         3257    .ARM.Collect$$rtexit$$00000002  c_w.l(rtexit2.o)
    0x0800026c   0x00000004   Code   RO         3258    .ARM.Collect$$rtexit$$00000003  c_w.l(rtexit2.o)
    0x08000270   0x00000006   Code   RO         3259    .ARM.Collect$$rtexit$$00000004  c_w.l(rtexit2.o)
    0x08000276   0x00000002   PAD
    0x08000278   0x00000040   Code   RO         1483    .text               startup_stm32f10x_hd.o
    0x080002b8   0x00000002   Code   RO         2813    .text               c_w.l(use_no_semi_2.o)
    0x080002ba   0x00000048   Code   RO         2815    .text               c_w.l(llsdiv.o)
    0x08000302   0x00000002   PAD
    0x08000304   0x00000024   Code   RO         2817    .text               c_w.l(c89vsprintf.o)
    0x08000328   0x00000018   Code   RO         2819    .text               c_w.l(__2printf.o)
    0x08000340   0x0000004e   Code   RO         2829    .text               c_w.l(_printf_pad.o)
    0x0800038e   0x00000052   Code   RO         2831    .text               c_w.l(_printf_str.o)
    0x080003e0   0x00000078   Code   RO         2833    .text               c_w.l(_printf_dec.o)
    0x08000458   0x00000094   Code   RO         2853    .text               c_w.l(_printf_hex_int_ll_ptr.o)
    0x080004ec   0x00000188   Code   RO         2873    .text               c_w.l(__printf_flags_ss_wp.o)
    0x08000674   0x0000001a   Code   RO         2881    .text               c_w.l(atoi.o)
    0x0800068e   0x00000024   Code   RO         2883    .text               c_w.l(strstr.o)
    0x080006b2   0x00000058   Code   RO         2885    .text               c_w.l(memcmp.o)
    0x0800070a   0x0000003e   Code   RO         2887    .text               c_w.l(strlen.o)
    0x08000748   0x00000010   Code   RO         2889    .text               c_w.l(aeabi_memset.o)
    0x08000758   0x00000006   Code   RO         2891    .text               c_w.l(heapauxi.o)
    0x0800075e   0x00000002   Code   RO         2983    .text               c_w.l(use_no_semi.o)
    0x08000760   0x00000008   Code   RO         2989    .text               c_w.l(rt_errno_addr_intlibspace.o)
    0x08000768   0x000000ee   Code   RO         2991    .text               c_w.l(lludivv7m.o)
    0x08000856   0x00000016   Code   RO         2993    .text               c_w.l(_rserrno.o)
    0x0800086c   0x00000024   Code   RO         2995    .text               c_w.l(_printf_truncate.o)
    0x08000890   0x000000b2   Code   RO         2997    .text               c_w.l(_printf_intcommon.o)
    0x08000942   0x00000028   Code   RO         2999    .text               c_w.l(_printf_charcount.o)
    0x0800096a   0x0000041a   Code   RO         3001    .text               c_w.l(_printf_fp_dec.o)
    0x08000d84   0x00000030   Code   RO         3003    .text               c_w.l(_printf_char_common.o)
    0x08000db4   0x0000000a   Code   RO         3005    .text               c_w.l(_sputc.o)
    0x08000dbe   0x0000002c   Code   RO         3007    .text               c_w.l(_printf_char.o)
    0x08000dea   0x00000002   PAD
    0x08000dec   0x00000024   Code   RO         3009    .text               c_w.l(_printf_char_file.o)
    0x08000e10   0x000000bc   Code   RO         3011    .text               c_w.l(_printf_wctomb.o)
    0x08000ecc   0x0000007c   Code   RO         3014    .text               c_w.l(_printf_longlong_dec.o)
    0x08000f48   0x00000070   Code   RO         3020    .text               c_w.l(_printf_oct_int_ll.o)
    0x08000fb8   0x00000070   Code   RO         3041    .text               c_w.l(strtol.o)
    0x08001028   0x00000044   Code   RO         3043    .text               c_w.l(rt_memclr.o)
    0x0800106c   0x00000008   Code   RO         3097    .text               c_w.l(libspace.o)
    0x08001074   0x00000010   Code   RO         3115    .text               c_w.l(rt_ctype_table.o)
    0x08001084   0x00000008   Code   RO         3124    .text               c_w.l(rt_locale_intlibspace.o)
    0x0800108c   0x0000008a   Code   RO         3126    .text               c_w.l(lludiv10.o)
    0x08001116   0x00000002   PAD
    0x08001118   0x00000080   Code   RO         3128    .text               c_w.l(_printf_fp_infnan.o)
    0x08001198   0x0000002c   Code   RO         3132    .text               c_w.l(_printf_wchar.o)
    0x080011c4   0x0000009e   Code   RO         3134    .text               c_w.l(_strtoul.o)
    0x08001262   0x00000002   PAD
    0x08001264   0x000000dc   Code   RO         3136    .text               c_w.l(bigflt0.o)
    0x08001340   0x00000008   Code   RO         3161    .text               c_w.l(ferror.o)
    0x08001348   0x00000040   Code   RO         3165    .text               c_w.l(_wcrtomb.o)
    0x08001388   0x0000004e   Code   RO         3170    .text               c_w.l(rt_memclr_w.o)
    0x080013d6   0x0000004a   Code   RO         3178    .text               c_w.l(sys_stackheap_outer.o)
    0x08001420   0x0000001c   Code   RO         3182    .text               c_w.l(_chval.o)
    0x0800143c   0x00000012   Code   RO         3187    .text               c_w.l(exit.o)
    0x0800144e   0x00000002   PAD
    0x08001450   0x00000080   Code   RO         3189    .text               c_w.l(strcmpv7m.o)
    0x080014d0   0x0000003e   Code   RO         3139    CL$$btod_d2e        c_w.l(btod.o)
    0x0800150e   0x00000046   Code   RO         3141    CL$$btod_d2e_denorm_low  c_w.l(btod.o)
    0x08001554   0x00000060   Code   RO         3140    CL$$btod_d2e_norm_op1  c_w.l(btod.o)
    0x080015b4   0x00000338   Code   RO         3149    CL$$btod_div_common  c_w.l(btod.o)
    0x080018ec   0x000000c6   Code   RO         3146    CL$$btod_e2e        c_w.l(btod.o)
    0x080019b2   0x00000028   Code   RO         3143    CL$$btod_ediv       c_w.l(btod.o)
    0x080019da   0x00000028   Code   RO         3142    CL$$btod_emul       c_w.l(btod.o)
    0x08001a02   0x00000244   Code   RO         3148    CL$$btod_mult_common  c_w.l(btod.o)
    0x08001c46   0x00000004   Code   RO          175    i.BusFault_Handler  stm32f10x_it.o
    0x08001c4a   0x00000002   PAD
    0x08001c4c   0x0000014c   Code   RO         2688    i.DMA_DeInit        stm32f10x_dma.o
    0x08001d98   0x0000003c   Code   RO         2693    i.DMA_Init          stm32f10x_dma.o
    0x08001dd4   0x00000002   Code   RO          176    i.DebugMon_Handler  stm32f10x_it.o
    0x08001dd6   0x00000002   PAD
    0x08001dd8   0x0000003c   Code   RO         1347    i.EXTI2_IRQHandler  exti.o
    0x08001e14   0x0000000c   Code   RO         2758    i.EXTI_ClearITPendingBit  stm32f10x_exti.o
    0x08001e20   0x00000116   Code   RO         1649    i.GPIO_Init         stm32f10x_gpio.o
    0x08001f36   0x00000002   PAD
    0x08001f38   0x00000090   Code   RO         1651    i.GPIO_PinRemapConfig  stm32f10x_gpio.o
    0x08001fc8   0x00000012   Code   RO         1653    i.GPIO_ReadInputDataBit  stm32f10x_gpio.o
    0x08001fda   0x00000004   Code   RO         1657    i.GPIO_SetBits      stm32f10x_gpio.o
    0x08001fde   0x00000004   Code   RO          177    i.HardFault_Handler  stm32f10x_it.o
    0x08001fe2   0x00000002   PAD
    0x08001fe4   0x000001ac   Code   RO         1007    i.Judge_Pesture     pesture.o
    0x08002190   0x00000030   Code   RO          342    i.KEY_Init          key.o
    0x080021c0   0x00000054   Code   RO          343    i.KEY_Scan          key.o
    0x08002214   0x00000040   Code   RO          330    i.LED_Init          led.o
    0x08002254   0x0000004c   Code   RO          361    i.MPU_IIC_Ack       mpuiic.o
    0x080022a0   0x0000000a   Code   RO          362    i.MPU_IIC_Delay     mpuiic.o
    0x080022aa   0x00000002   PAD
    0x080022ac   0x00000038   Code   RO          363    i.MPU_IIC_Init      mpuiic.o
    0x080022e4   0x0000004c   Code   RO          364    i.MPU_IIC_NAck      mpuiic.o
    0x08002330   0x0000006c   Code   RO          365    i.MPU_IIC_Read_Byte  mpuiic.o
    0x0800239c   0x0000005c   Code   RO          366    i.MPU_IIC_Send_Byte  mpuiic.o
    0x080023f8   0x00000048   Code   RO          367    i.MPU_IIC_Start     mpuiic.o
    0x08002440   0x00000048   Code   RO          368    i.MPU_IIC_Stop      mpuiic.o
    0x08002488   0x00000064   Code   RO          369    i.MPU_IIC_Wait_Ack  mpuiic.o
    0x080024ec   0x0000007a   Code   RO          424    i.MPU_Init          mpu6050.o
    0x08002566   0x0000003a   Code   RO          425    i.MPU_Read_Byte     mpu6050.o
    0x080025a0   0x00000074   Code   RO          426    i.MPU_Read_Len      mpu6050.o
    0x08002614   0x00000010   Code   RO          427    i.MPU_Set_Accel_Fsr  mpu6050.o
    0x08002624   0x00000010   Code   RO          428    i.MPU_Set_Gyro_Fsr  mpu6050.o
    0x08002634   0x0000003a   Code   RO          429    i.MPU_Set_LPF       mpu6050.o
    0x0800266e   0x0000003a   Code   RO          430    i.MPU_Set_Rate      mpu6050.o
    0x080026a8   0x00000044   Code   RO          431    i.MPU_Write_Byte    mpu6050.o
    0x080026ec   0x00000060   Code   RO          432    i.MPU_Write_Len     mpu6050.o
    0x0800274c   0x00000004   Code   RO          178    i.MemManage_Handler  stm32f10x_it.o
    0x08002750   0x00000002   Code   RO          179    i.NMI_Handler       stm32f10x_it.o
    0x08002752   0x00000002   PAD
    0x08002754   0x00000070   Code   RO         1487    i.NVIC_Init         misc.o
    0x080027c4   0x00000014   Code   RO         1488    i.NVIC_PriorityGroupConfig  misc.o
    0x080027d8   0x00000002   Code   RO          180    i.PendSV_Handler    stm32f10x_it.o
    0x080027da   0x00000002   PAD
    0x080027dc   0x000000f0   Code   RO          299    i.Posture_Deal      myconf.o
    0x080028cc   0x00000020   Code   RO         1758    i.RCC_AHBPeriphClockCmd  stm32f10x_rcc.o
    0x080028ec   0x00000020   Code   RO         1759    i.RCC_APB1PeriphClockCmd  stm32f10x_rcc.o
    0x0800290c   0x00000020   Code   RO         1760    i.RCC_APB1PeriphResetCmd  stm32f10x_rcc.o
    0x0800292c   0x00000020   Code   RO         1761    i.RCC_APB2PeriphClockCmd  stm32f10x_rcc.o
    0x0800294c   0x00000020   Code   RO         1762    i.RCC_APB2PeriphResetCmd  stm32f10x_rcc.o
    0x0800296c   0x000000d4   Code   RO         1769    i.RCC_GetClocksFreq  stm32f10x_rcc.o
    0x08002a40   0x00000084   Code   RO          300    i.Red_Deal          myconf.o
    0x08002ac4   0x00000002   Code   RO          181    i.SVC_Handler       stm32f10x_it.o
    0x08002ac6   0x00000008   Code   RO          264    i.SetSysClock       system_stm32f10x.o
    0x08002ace   0x00000002   PAD
    0x08002ad0   0x000000e0   Code   RO          265    i.SetSysClockTo72   system_stm32f10x.o
    0x08002bb0   0x00000028   Code   RO         1491    i.SysTick_CLKSourceConfig  misc.o
    0x08002bd8   0x00000002   Code   RO          182    i.SysTick_Handler   stm32f10x_it.o
    0x08002bda   0x00000002   PAD
    0x08002bdc   0x00000060   Code   RO          267    i.SystemInit        system_stm32f10x.o
    0x08002c3c   0x0000010c   Code   RO         1295    i.TIM2_IRQHandler   timer.o
    0x08002d48   0x0000005a   Code   RO         1296    i.TIM2_Int_Init     timer.o
    0x08002da2   0x00000002   PAD
    0x08002da4   0x00000048   Code   RO         1297    i.TIM3_IRQHandler   timer.o
    0x08002dec   0x00000060   Code   RO         1298    i.TIM3_Int_Init     timer.o
    0x08002e4c   0x00000030   Code   RO         1103    i.TIM4_IRQHandler   usart2.o
    0x08002e7c   0x00000058   Code   RO         1104    i.TIM4_Init         usart2.o
    0x08002ed4   0x00000028   Code   RO         1105    i.TIM4_Set          usart2.o
    0x08002efc   0x00000034   Code   RO         1300    i.TIM7_IRQHandler   timer.o
    0x08002f30   0x00000060   Code   RO         1301    i.TIM7_Int_Init     timer.o
    0x08002f90   0x00000006   Code   RO         2148    i.TIM_ClearITPendingBit  stm32f10x_tim.o
    0x08002f96   0x00000018   Code   RO         2153    i.TIM_Cmd           stm32f10x_tim.o
    0x08002fae   0x00000022   Code   RO         2174    i.TIM_GetITStatus   stm32f10x_tim.o
    0x08002fd0   0x00000012   Code   RO         2178    i.TIM_ITConfig      stm32f10x_tim.o
    0x08002fe2   0x00000004   Code   RO         2218    i.TIM_SetCounter    stm32f10x_tim.o
    0x08002fe6   0x00000002   PAD
    0x08002fe8   0x000000a4   Code   RO         2224    i.TIM_TimeBaseInit  stm32f10x_tim.o
    0x0800308c   0x00000048   Code   RO         1106    i.UART_DMA_Config   usart2.o
    0x080030d4   0x00000088   Code   RO         1429    i.USART1_IRQHandler  usart.o
    0x0800315c   0x00000064   Code   RO         1108    i.USART2_IRQHandler  usart2.o
    0x080031c0   0x000000e4   Code   RO         1109    i.USART2_Init       usart2.o
    0x080032a4   0x00000070   Code   RO         1239    i.USART3_IRQHandler  usart3.o
    0x08003314   0x00000018   Code   RO         1961    i.USART_Cmd         stm32f10x_usart.o
    0x0800332c   0x00000012   Code   RO         1962    i.USART_DMACmd      stm32f10x_usart.o
    0x0800333e   0x00000002   PAD
    0x08003340   0x0000009c   Code   RO         1963    i.USART_DeInit      stm32f10x_usart.o
    0x080033dc   0x0000001a   Code   RO         1964    i.USART_GetFlagStatus  stm32f10x_usart.o
    0x080033f6   0x00000054   Code   RO         1965    i.USART_GetITStatus  stm32f10x_usart.o
    0x0800344a   0x0000004a   Code   RO         1967    i.USART_ITConfig    stm32f10x_usart.o
    0x08003494   0x000000d8   Code   RO         1968    i.USART_Init        stm32f10x_usart.o
    0x0800356c   0x0000000a   Code   RO         1975    i.USART_ReceiveData  stm32f10x_usart.o
    0x08003576   0x00000008   Code   RO         1978    i.USART_SendData    stm32f10x_usart.o
    0x0800357e   0x00000004   Code   RO          183    i.UsageFault_Handler  stm32f10x_it.o
    0x08003582   0x00000028   Code   RO         3084    i.__ARM_fpclassify  m_ws.l(fpclassify.o)
    0x080035aa   0x000000aa   Code   RO         3086    i.__kernel_poly     m_ws.l(poly.o)
    0x08003654   0x00000006   Code   RO         3071    i.__mathlib_dbl_infnan  m_ws.l(dunder.o)
    0x0800365a   0x00000004   Code   RO         3072    i.__mathlib_dbl_infnan2  m_ws.l(dunder.o)
    0x0800365e   0x0000000c   Code   RO         3073    i.__mathlib_dbl_invalid  m_ws.l(dunder.o)
    0x0800366a   0x00000002   PAD
    0x0800366c   0x00000010   Code   RO         3076    i.__mathlib_dbl_underflow  m_ws.l(dunder.o)
    0x0800367c   0x0000000e   Code   RO         2866    i._is_digit         c_w.l(__printf_wp.o)
    0x0800368a   0x00000006   Code   RO         1430    i._sys_exit         usart.o
    0x08003690   0x000000a8   Code   RO          499    i.accel_self_test   inv_mpu.o
    0x08003738   0x00000270   Code   RO         2956    i.asin              m_ws.l(asin.o)
    0x080039a8   0x00000220   Code   RO         3061    i.atan              m_ws.l(atan.o)
    0x08003bc8   0x00000180   Code   RO         2966    i.atan2             m_ws.l(atan2.o)
    0x08003d48   0x00000064   Code   RO          824    i.decode_gesture    inv_mpu_dmp_motion_driver.o
    0x08003dac   0x00000044   Code   RO         1374    i.delay_init        delay.o
    0x08003df0   0x0000004c   Code   RO         1375    i.delay_ms          delay.o
    0x08003e3c   0x0000004c   Code   RO         1376    i.delay_us          delay.o
    0x08003e88   0x00000020   Code   RO         1240    i.dist_value        usart3.o
    0x08003ea8   0x0000003c   Code   RO          825    i.dmp_enable_6x_lp_quat  inv_mpu_dmp_motion_driver.o
    0x08003ee4   0x0000021c   Code   RO          826    i.dmp_enable_feature  inv_mpu_dmp_motion_driver.o
    0x08004100   0x00000058   Code   RO          827    i.dmp_enable_gyro_cal  inv_mpu_dmp_motion_driver.o
    0x08004158   0x0000003c   Code   RO          828    i.dmp_enable_lp_quat  inv_mpu_dmp_motion_driver.o
    0x08004194   0x00000018   Code   RO          833    i.dmp_load_motion_driver_firmware  inv_mpu_dmp_motion_driver.o
    0x080041ac   0x000001cc   Code   RO          834    i.dmp_read_fifo     inv_mpu_dmp_motion_driver.o
    0x08004378   0x00000130   Code   RO          837    i.dmp_set_accel_bias  inv_mpu_dmp_motion_driver.o
    0x080044a8   0x00000070   Code   RO          838    i.dmp_set_fifo_rate  inv_mpu_dmp_motion_driver.o
    0x08004518   0x00000130   Code   RO          839    i.dmp_set_gyro_bias  inv_mpu_dmp_motion_driver.o
    0x08004648   0x00000138   Code   RO          841    i.dmp_set_orientation  inv_mpu_dmp_motion_driver.o
    0x08004780   0x00000038   Code   RO          844    i.dmp_set_shake_reject_thresh  inv_mpu_dmp_motion_driver.o
    0x080047b8   0x00000026   Code   RO          845    i.dmp_set_shake_reject_time  inv_mpu_dmp_motion_driver.o
    0x080047de   0x00000026   Code   RO          846    i.dmp_set_shake_reject_timeout  inv_mpu_dmp_motion_driver.o
    0x08004804   0x00000046   Code   RO          847    i.dmp_set_tap_axes  inv_mpu_dmp_motion_driver.o
    0x0800484a   0x00000026   Code   RO          848    i.dmp_set_tap_count  inv_mpu_dmp_motion_driver.o
    0x08004870   0x000001a0   Code   RO          849    i.dmp_set_tap_thresh  inv_mpu_dmp_motion_driver.o
    0x08004a10   0x00000026   Code   RO          850    i.dmp_set_tap_time  inv_mpu_dmp_motion_driver.o
    0x08004a36   0x00000026   Code   RO          851    i.dmp_set_tap_time_multi  inv_mpu_dmp_motion_driver.o
    0x08004a5c   0x0000001c   Code   RO         1431    i.fputc             usart.o
    0x08004a78   0x000000b4   Code   RO          500    i.get_accel_prod_shift  inv_mpu.o
    0x08004b2c   0x00000470   Code   RO          501    i.get_st_biases     inv_mpu.o
    0x08004f9c   0x00000110   Code   RO          502    i.gyro_self_test    inv_mpu.o
    0x080050ac   0x00000028   Code   RO          503    i.inv_orientation_matrix_to_scalar  inv_mpu.o
    0x080050d4   0x0000004e   Code   RO          504    i.inv_row_2_scale   inv_mpu.o
    0x08005122   0x00000002   PAD
    0x08005124   0x000002dc   Code   RO            1    i.main              main.o
    0x08005400   0x00000002   Code   RO          505    i.mget_ms           inv_mpu.o
    0x08005402   0x00000002   PAD
    0x08005404   0x00000070   Code   RO          506    i.mpu_configure_fifo  inv_mpu.o
    0x08005474   0x00000224   Code   RO          507    i.mpu_dmp_get_data  inv_mpu.o
    0x08005698   0x000000a0   Code   RO          508    i.mpu_dmp_init      inv_mpu.o
    0x08005738   0x0000004c   Code   RO          509    i.mpu_get_accel_fsr  inv_mpu.o
    0x08005784   0x00000054   Code   RO          511    i.mpu_get_accel_sens  inv_mpu.o
    0x080057d8   0x00000010   Code   RO          516    i.mpu_get_fifo_config  inv_mpu.o
    0x080057e8   0x00000044   Code   RO          517    i.mpu_get_gyro_fsr  inv_mpu.o
    0x0800582c   0x00000050   Code   RO          519    i.mpu_get_gyro_sens  inv_mpu.o
    0x0800587c   0x00000050   Code   RO          521    i.mpu_get_lpf       inv_mpu.o
    0x080058cc   0x00000020   Code   RO          523    i.mpu_get_sample_rate  inv_mpu.o
    0x080058ec   0x000001f0   Code   RO          525    i.mpu_init          inv_mpu.o
    0x08005adc   0x000000b8   Code   RO          526    i.mpu_load_firmware  inv_mpu.o
    0x08005b94   0x000000e0   Code   RO          527    i.mpu_lp_accel_mode  inv_mpu.o
    0x08005c74   0x000000c0   Code   RO          530    i.mpu_read_fifo_stream  inv_mpu.o
    0x08005d34   0x00000080   Code   RO          531    i.mpu_read_mem      inv_mpu.o
    0x08005db4   0x000001c8   Code   RO          534    i.mpu_reset_fifo    inv_mpu.o
    0x08005f7c   0x0000011c   Code   RO          535    i.mpu_run_self_test  inv_mpu.o
    0x08006098   0x00000084   Code   RO          537    i.mpu_set_accel_fsr  inv_mpu.o
    0x0800611c   0x0000014c   Code   RO          538    i.mpu_set_bypass    inv_mpu.o
    0x08006268   0x00000090   Code   RO          540    i.mpu_set_dmp_state  inv_mpu.o
    0x080062f8   0x00000088   Code   RO          541    i.mpu_set_gyro_fsr  inv_mpu.o
    0x08006380   0x0000006c   Code   RO          542    i.mpu_set_int_latched  inv_mpu.o
    0x080063ec   0x00000084   Code   RO          544    i.mpu_set_lpf       inv_mpu.o
    0x08006470   0x0000009c   Code   RO          545    i.mpu_set_sample_rate  inv_mpu.o
    0x0800650c   0x000000d0   Code   RO          546    i.mpu_set_sensors   inv_mpu.o
    0x080065dc   0x00000080   Code   RO          547    i.mpu_write_mem     inv_mpu.o
    0x0800665c   0x0000001c   Code   RO         1241    i.pos_value         usart3.o
    0x08006678   0x00000024   Code   RO         1349    i.red_Init          exti.o
    0x0800669c   0x00000094   Code   RO          548    i.run_self_test     inv_mpu.o
    0x08006730   0x00000090   Code   RO          549    i.set_int_enable    inv_mpu.o
    0x080067c0   0x0000004c   Code   RO         3090    i.sqrt              m_ws.l(sqrt.o)
    0x0800680c   0x00000050   Code   RO         1242    i.u3_printf         usart3.o
    0x0800685c   0x000000a0   Code   RO         1432    i.uart_init         usart.o
    0x080068fc   0x000000d0   Code   RO         1243    i.usart3_init       usart3.o
    0x080069cc   0x000000e4   Code   RO         1244    i.zigbee_check_cmd  usart3.o
    0x08006ab0   0x00000054   Code   RO         1245    i.zigbee_send_cmd   usart3.o
    0x08006b04   0x0000002c   Code   RO         3168    locale$$code        c_w.l(lc_numeric_c.o)
    0x08006b30   0x0000002c   Code   RO         3185    locale$$code        c_w.l(lc_ctype_c.o)
    0x08006b5c   0x00000062   Code   RO         2895    x$fpl$d2f           fz_ws.l(d2f.o)
    0x08006bbe   0x00000002   PAD
    0x08006bc0   0x00000150   Code   RO         2897    x$fpl$dadd          fz_ws.l(daddsub_clz.o)
    0x08006d10   0x00000010   Code   RO         3172    x$fpl$dcheck1       fz_ws.l(dcheck1.o)
    0x08006d20   0x00000018   Code   RO         3045    x$fpl$dcmpinf       fz_ws.l(dcmpi.o)
    0x08006d38   0x000002b0   Code   RO         2904    x$fpl$ddiv          fz_ws.l(ddiv.o)
    0x08006fe8   0x00000078   Code   RO         2913    x$fpl$dleqf         fz_ws.l(dleqf.o)
    0x08007060   0x00000154   Code   RO         2915    x$fpl$dmul          fz_ws.l(dmul.o)
    0x080071b4   0x0000009c   Code   RO         3047    x$fpl$dnaninf       fz_ws.l(dnaninf.o)
    0x08007250   0x0000000c   Code   RO         3049    x$fpl$dretinf       fz_ws.l(dretinf.o)
    0x0800725c   0x0000006c   Code   RO         2917    x$fpl$drleqf        fz_ws.l(drleqf.o)
    0x080072c8   0x00000016   Code   RO         2898    x$fpl$drsb          fz_ws.l(daddsub_clz.o)
    0x080072de   0x00000002   PAD
    0x080072e0   0x000001cc   Code   RO         3174    x$fpl$dsqrt         fz_ws.l(dsqrt_noumaal.o)
    0x080074ac   0x000001d4   Code   RO         2899    x$fpl$dsub          fz_ws.l(daddsub_clz.o)
    0x08007680   0x00000056   Code   RO         2919    x$fpl$f2d           fz_ws.l(f2d.o)
    0x080076d6   0x00000002   PAD
    0x080076d8   0x000000c4   Code   RO         2921    x$fpl$fadd          fz_ws.l(faddsub_clz.o)
    0x0800779c   0x00000018   Code   RO         3051    x$fpl$fcmpinf       fz_ws.l(fcmpi.o)
    0x080077b4   0x00000184   Code   RO         2928    x$fpl$fdiv          fz_ws.l(fdiv.o)
    0x08007938   0x00000068   Code   RO         2931    x$fpl$feqf          fz_ws.l(feqf.o)
    0x080079a0   0x00000036   Code   RO         2933    x$fpl$ffix          fz_ws.l(ffix.o)
    0x080079d6   0x00000002   PAD
    0x080079d8   0x0000003e   Code   RO         2937    x$fpl$ffixu         fz_ws.l(ffixu.o)
    0x08007a16   0x00000002   PAD
    0x08007a18   0x00000030   Code   RO         2942    x$fpl$fflt          fz_ws.l(fflt_clz.o)
    0x08007a48   0x00000026   Code   RO         2941    x$fpl$ffltu         fz_ws.l(fflt_clz.o)
    0x08007a6e   0x00000002   PAD
    0x08007a70   0x00000068   Code   RO         2947    x$fpl$fleqf         fz_ws.l(fleqf.o)
    0x08007ad8   0x00000102   Code   RO         2949    x$fpl$fmul          fz_ws.l(fmul.o)
    0x08007bda   0x0000008c   Code   RO         3053    x$fpl$fnaninf       fz_ws.l(fnaninf.o)
    0x08007c66   0x0000000a   Code   RO         3055    x$fpl$fretinf       fz_ws.l(fretinf.o)
    0x08007c70   0x00000062   Code   RO         2951    x$fpl$frleqf        fz_ws.l(frleqf.o)
    0x08007cd2   0x00000002   PAD
    0x08007cd4   0x000000ea   Code   RO         2923    x$fpl$fsub          fz_ws.l(faddsub_clz.o)
    0x08007dbe   0x00000004   Code   RO         2953    x$fpl$printf1       fz_ws.l(printf1.o)
    0x08007dc2   0x00000064   Code   RO         3242    x$fpl$retnan        fz_ws.l(retnan.o)
    0x08007e26   0x0000005c   Code   RO         3057    x$fpl$scalbn        fz_ws.l(scalbn.o)
    0x08007e82   0x00000030   Code   RO         3254    x$fpl$trapveneer    fz_ws.l(trapv.o)
    0x08007eb2   0x00000000   Code   RO         3059    x$fpl$usenofp       fz_ws.l(usenofp.o)
    0x08007eb2   0x00000002   PAD
    0x08007eb4   0x00000050   Data   RO          551    .constdata          inv_mpu.o
    0x08007f04   0x00000bf6   Data   RO          853    .constdata          inv_mpu_dmp_motion_driver.o
    0x08008afa   0x00000028   Data   RO         2854    .constdata          c_w.l(_printf_hex_int_ll_ptr.o)
    0x08008b22   0x00000011   Data   RO         2874    .constdata          c_w.l(__printf_flags_ss_wp.o)
    0x08008b33   0x00000005   PAD
    0x08008b38   0x00000050   Data   RO         2957    .constdata          m_ws.l(asin.o)
    0x08008b88   0x00000008   Data   RO         3012    .constdata          c_w.l(_printf_wctomb.o)
    0x08008b90   0x00000098   Data   RO         3062    .constdata          m_ws.l(atan.o)
    0x08008c28   0x00000008   Data   RO         3088    .constdata          m_ws.l(qnan.o)
    0x08008c30   0x00000094   Data   RO         3137    .constdata          c_w.l(bigflt0.o)
    0x08008cc4   0x0000004d   Data   RO          552    .conststring        inv_mpu.o
    0x08008d11   0x00000003   PAD
    0x08008d14   0x00000020   Data   RO         3325    Region$$Table       anon$$obj.o
    0x08008d34   0x0000001c   Data   RO         3167    locale$$data        c_w.l(lc_numeric_c.o)
    0x08008d50   0x00000110   Data   RO         3184    locale$$data        c_w.l(lc_ctype_c.o)


    Execution Region RW_IRAM1 (Base: 0x20000000, Size: 0x00001498, Max: 0x00010000, ABSOLUTE)

    Base Addr    Size         Type   Attr      Idx    E Section Name        Object

    0x20000000   0x00000029   Data   RW            3    .data               main.o
    0x20000029   0x00000003   PAD
    0x2000002c   0x00000014   Data   RW          268    .data               system_stm32f10x.o
    0x20000040   0x00000001   Data   RW          344    .data               key.o
    0x20000041   0x00000003   PAD
    0x20000044   0x00000035   Data   RW          553    .data               inv_mpu.o
    0x20000079   0x00000001   Data   RW         1008    .data               pesture.o
    0x2000007a   0x00000002   Data   RW         1112    .data               usart2.o
    0x2000007c   0x00000002   Data   RW         1247    .data               usart3.o
    0x2000007e   0x00000003   Data   RW         1302    .data               timer.o
    0x20000081   0x00000001   Data   RW         1350    .data               exti.o
    0x20000082   0x00000004   Data   RW         1377    .data               delay.o
    0x20000086   0x00000002   PAD
    0x20000088   0x00000006   Data   RW         1434    .data               usart.o
    0x2000008e   0x00000014   Data   RW         1789    .data               stm32f10x_rcc.o
    0x200000a2   0x00000002   PAD
    0x200000a4   0x0000000c   Zero   RW            2    .bss                main.o
    0x200000b0   0x00000010   Zero   RW          852    .bss                inv_mpu_dmp_motion_driver.o
    0x200000c0   0x00000800   Zero   RW         1111    .bss                usart2.o
    0x200008c0   0x000004b0   Zero   RW         1246    .bss                usart3.o
    0x20000d70   0x000000c8   Zero   RW         1433    .bss                usart.o
    0x20000e38   0x00000060   Zero   RW         3098    .bss                c_w.l(libspace.o)
    0x20000e98   0x00000200   Zero   RW         1481    HEAP                startup_stm32f10x_hd.o
    0x20001098   0x00000400   Zero   RW         1480    STACK               startup_stm32f10x_hd.o


==============================================================================

Image component sizes


      Code (inc. data)   RO Data    RW Data    ZI Data      Debug   Object Name

       220         26          0          4          0       1767   delay.o
        96         26          0          1          0       1237   exti.o
      6864        290        157         53          0      31652   inv_mpu.o
      3096        122       3062          0         16      21026   inv_mpu_dmp_motion_driver.o
       132         18          0          1          0       1118   key.o
        64         14          0          0          0        499   led.o
       732        308          0         41         12     264463   main.o
       172         22          0          0          0       2097   misc.o
       608          0          0          0          0       6339   mpu6050.o
       662        100          0          0          0       4942   mpuiic.o
       372        120          0          0          0       1034   myconf.o
       428         62          0          1          0        908   pesture.o
        64         26        304          0       1536        800   startup_stm32f10x_hd.o
       392          8          0          0          0       2912   stm32f10x_dma.o
        12          6          0          0          0        533   stm32f10x_exti.o
       444          6          0          0          0       4017   stm32f10x_gpio.o
        26          0          0          0          0       3802   stm32f10x_it.o
       372         50          0         20          0       6232   stm32f10x_rcc.o
       250         42          0          0          0       4163   stm32f10x_tim.o
       616         28          0          0          0       7487   stm32f10x_usart.o
         0          0          0          0          0         32   sys.o
       328         28          0         20          0       2137   system_stm32f10x.o
       674         96          0          3          0       3858   timer.o
       330         26          0          6        200       4212   usart.o
       576         58          0          2       2048       5085   usart2.o
       772        114          0          2       1200       5861   usart3.o

    ----------------------------------------------------------------------
     18330       1596       3558        164       5012     388213   Object Totals
         0          0         32          0          0          0   (incl. Generated)
        28          0          3         10          0          0   (incl. Padding)

    ----------------------------------------------------------------------

      Code (inc. data)   RO Data    RW Data    ZI Data      Debug   Library Member Name

        24          4          0          0          0         84   __2printf.o
         8          0          0          0          0         68   __main.o
       392          4         17          0          0         92   __printf_flags_ss_wp.o
        14          0          0          0          0         68   __printf_wp.o
         0          0          0          0          0          0   __rtentry.o
        12          0          0          0          0          0   __rtentry2.o
         6          0          0          0          0          0   __rtentry4.o
        52          8          0          0          0          0   __scatter.o
        26          0          0          0          0          0   __scatter_copy.o
        28          0          0          0          0          0   __scatter_zi.o
        28          0          0          0          0         68   _chval.o
         6          0          0          0          0          0   _printf_a.o
         6          0          0          0          0          0   _printf_c.o
        44          0          0          0          0        108   _printf_char.o
        48          6          0          0          0         96   _printf_char_common.o
        36          4          0          0          0         80   _printf_char_file.o
        40          0          0          0          0         68   _printf_charcount.o
         6          0          0          0          0          0   _printf_d.o
       120         16          0          0          0         92   _printf_dec.o
         6          0          0          0          0          0   _printf_e.o
         6          0          0          0          0          0   _printf_f.o
      1050          0          0          0          0        216   _printf_fp_dec.o
       128         16          0          0          0         84   _printf_fp_infnan.o
         6          0          0          0          0          0   _printf_g.o
       148          4         40          0          0        160   _printf_hex_int_ll_ptr.o
         6          0          0          0          0          0   _printf_i.o
       178          0          0          0          0         88   _printf_intcommon.o
        10          0          0          0          0          0   _printf_l.o
         6          0          0          0          0          0   _printf_lc.o
        10          0          0          0          0          0   _printf_ll.o
         6          0          0          0          0          0   _printf_lld.o
         6          0          0          0          0          0   _printf_lli.o
         6          0          0          0          0          0   _printf_llo.o
         6          0          0          0          0          0   _printf_llu.o
         6          0          0          0          0          0   _printf_llx.o
       124         16          0          0          0         92   _printf_longlong_dec.o
         6          0          0          0          0          0   _printf_ls.o
         6          0          0          0          0          0   _printf_n.o
         6          0          0          0          0          0   _printf_o.o
       112         10          0          0          0        124   _printf_oct_int_ll.o
         6          0          0          0          0          0   _printf_p.o
        78          0          0          0          0        108   _printf_pad.o
         0          0          0          0          0          0   _printf_percent.o
         4          0          0          0          0          0   _printf_percent_end.o
         6          0          0          0          0          0   _printf_s.o
        82          0          0          0          0         80   _printf_str.o
        36          0          0          0          0         84   _printf_truncate.o
         6          0          0          0          0          0   _printf_u.o
        44          0          0          0          0        108   _printf_wchar.o
       188          6          8          0          0         92   _printf_wctomb.o
         6          0          0          0          0          0   _printf_x.o
        22          0          0          0          0        100   _rserrno.o
        10          0          0          0          0         68   _sputc.o
       158          0          0          0          0         92   _strtoul.o
        64          0          0          0          0         92   _wcrtomb.o
        16          0          0          0          0         68   aeabi_memset.o
        26          0          0          0          0         80   atoi.o
       220          4        148          0          0         96   bigflt0.o
      1910        128          0          0          0        672   btod.o
        36          4          0          0          0         76   c89vsprintf.o
        18          0          0          0          0         80   exit.o
         8          0          0          0          0         68   ferror.o
         6          0          0          0          0        152   heapauxi.o
        44         10        272          0          0         76   lc_ctype_c.o
        44         10         28          0          0         76   lc_numeric_c.o
         2          0          0          0          0          0   libinit.o
        30          0          0          0          0          0   libinit2.o
         2          0          0          0          0          0   libshutdown.o
         2          0          0          0          0          0   libshutdown2.o
         8          4          0          0         96         68   libspace.o
        72          0          0          0          0         76   llsdiv.o
       138          0          0          0          0         80   lludiv10.o
       238          0          0          0          0        100   lludivv7m.o
        88          0          0          0          0         76   memcmp.o
        16          4          0          0          0         76   rt_ctype_table.o
         8          4          0          0          0         68   rt_errno_addr_intlibspace.o
         8          4          0          0          0         68   rt_locale_intlibspace.o
        68          0          0          0          0         68   rt_memclr.o
        78          0          0          0          0         80   rt_memclr_w.o
         2          0          0          0          0          0   rtexit.o
        10          0          0          0          0          0   rtexit2.o
       128          0          0          0          0         68   strcmpv7m.o
        62          0          0          0          0         76   strlen.o
        36          0          0          0          0         80   strstr.o
       112          0          0          0          0         88   strtol.o
        74          0          0          0          0         80   sys_stackheap_outer.o
         2          0          0          0          0         68   use_no_semi.o
         2          0          0          0          0         68   use_no_semi_2.o
        98          4          0          0          0         92   d2f.o
       826         16          0          0          0        348   daddsub_clz.o
        16          4          0          0          0         68   dcheck1.o
        24          0          0          0          0         68   dcmpi.o
       688        140          0          0          0        208   ddiv.o
       120          4          0          0          0         92   dleqf.o
       340         12          0          0          0        104   dmul.o
       156          4          0          0          0         92   dnaninf.o
        12          0          0          0          0         68   dretinf.o
       108          0          0          0          0         80   drleqf.o
       460         56          0          0          0        120   dsqrt_noumaal.o
        86          4          0          0          0         84   f2d.o
       430          8          0          0          0        168   faddsub_clz.o
        24          0          0          0          0         68   fcmpi.o
       388         76          0          0          0         96   fdiv.o
       104          4          0          0          0         84   feqf.o
        54          4          0          0          0         84   ffix.o
        62          4          0          0          0         84   ffixu.o
        86          0          0          0          0        136   fflt_clz.o
       104          4          0          0          0         84   fleqf.o
       258          4          0          0          0         84   fmul.o
       140          4          0          0          0         84   fnaninf.o
        10          0          0          0          0         68   fretinf.o
        98          0          0          0          0         68   frleqf.o
         4          0          0          0          0         68   printf1.o
       100          0          0          0          0         68   retnan.o
        92          0          0          0          0         68   scalbn.o
        48          0          0          0          0         68   trapv.o
         0          0          0          0          0          0   usenofp.o
       624         52         80          0          0        168   asin.o
       544         70        152          0          0        124   atan.o
       384         38          0          0          0        144   atan2.o
        38          6          0          0          0        272   dunder.o
        40          0          0          0          0         68   fpclassify.o
       170          0          0          0          0         96   poly.o
         0          0          8          0          0          0   qnan.o
        76          0          0          0          0         84   sqrt.o

    ----------------------------------------------------------------------
     13802        784        758          0         96       8904   Library Totals
        32          0          5          0          0          0   (incl. Padding)

    ----------------------------------------------------------------------

      Code (inc. data)   RO Data    RW Data    ZI Data      Debug   Library Name

      6958        266        513          0         96       5144   c_w.l
      4936        352          0          0          0       2804   fz_ws.l
      1876        166        240          0          0        956   m_ws.l

    ----------------------------------------------------------------------
     13802        784        758          0         96       8904   Library Totals

    ----------------------------------------------------------------------

==============================================================================


      Code (inc. data)   RO Data    RW Data    ZI Data      Debug   

     32132       2380       4316        164       5108     384477   Grand Totals
     32132       2380       4316        164       5108     384477   ELF Image Totals
     32132       2380       4316        164          0          0   ROM Totals

==============================================================================

    Total RO  Size (Code + RO Data)                36448 (  35.59kB)
    Total RW  Size (RW Data + ZI Data)              5272 (   5.15kB)
    Total ROM Size (Code + RO Data + RW Data)      36612 (  35.75kB)

==============================================================================

